[2026-03-08T10:27:17.195+0000] {local_task_job_runner.py:120} INFO - ::group::Pre task execution logs
[2026-03-08T10:27:17.280+0000] {taskinstance.py:2076} INFO - Dependencies all met for dep_context=non-requeueable deps ti=<TaskInstance: etl_users_pipeline.run_etl_script manual__2026-03-08T10:27:16.119234+00:00 [queued]>
[2026-03-08T10:27:17.285+0000] {taskinstance.py:2076} INFO - Dependencies all met for dep_context=requeueable deps ti=<TaskInstance: etl_users_pipeline.run_etl_script manual__2026-03-08T10:27:16.119234+00:00 [queued]>
[2026-03-08T10:27:17.285+0000] {taskinstance.py:2306} INFO - Starting attempt 1 of 1
[2026-03-08T10:27:17.294+0000] {taskinstance.py:2330} INFO - Executing <Task(BashOperator): run_etl_script> on 2026-03-08 10:27:16.119234+00:00
[2026-03-08T10:27:17.302+0000] {logging_mixin.py:188} WARNING - /home/***/.local/lib/python3.12/site-packages/***/task/task_runner/standard_task_runner.py:62 DeprecationWarning: This process (pid=7361) is multi-threaded, use of fork() may lead to deadlocks in the child.
[2026-03-08T10:27:17.299+0000] {standard_task_runner.py:90} INFO - Running: ['***', 'tasks', 'run', 'etl_users_pipeline', 'run_etl_script', 'manual__2026-03-08T10:27:16.119234+00:00', '--job-id', '7', '--raw', '--subdir', 'DAGS_FOLDER/etl_users_dag.py', '--cfg-path', '/tmp/tmpijpcc2m0']
[2026-03-08T10:27:17.302+0000] {standard_task_runner.py:91} INFO - Job 7: Subtask run_etl_script
[2026-03-08T10:27:17.302+0000] {standard_task_runner.py:64} INFO - Started process 7362 to run task
[2026-03-08T10:27:17.366+0000] {task_command.py:426} INFO - Running <TaskInstance: etl_users_pipeline.run_etl_script manual__2026-03-08T10:27:16.119234+00:00 [running]> on host f0f1f923ab6d
[2026-03-08T10:27:17.615+0000] {taskinstance.py:2648} INFO - Exporting env vars: AIRFLOW_CTX_DAG_OWNER='***' AIRFLOW_CTX_DAG_ID='etl_users_pipeline' AIRFLOW_CTX_TASK_ID='run_etl_script' AIRFLOW_CTX_EXECUTION_DATE='2026-03-08T10:27:16.119234+00:00' AIRFLOW_CTX_TRY_NUMBER='1' AIRFLOW_CTX_DAG_RUN_ID='manual__2026-03-08T10:27:16.119234+00:00'
[2026-03-08T10:27:17.618+0000] {taskinstance.py:430} INFO - ::endgroup::
[2026-03-08T10:27:17.654+0000] {subprocess.py:63} INFO - Tmp dir root location: /tmp
[2026-03-08T10:27:17.656+0000] {subprocess.py:75} INFO - Running command: ['/usr/bin/bash', '-c', 'python /opt/***/etl/etl_users.py']
[2026-03-08T10:27:17.674+0000] {subprocess.py:86} INFO - Output:
[2026-03-08T10:27:19.441+0000] {subprocess.py:93} INFO - 🚀 Iniciando pipeline ETL
[2026-03-08T10:27:19.444+0000] {subprocess.py:93} INFO - 📥 Extract: lendo arquivo CSV...
[2026-03-08T10:27:19.444+0000] {subprocess.py:93} INFO - Linhas carregadas: 4
[2026-03-08T10:27:19.444+0000] {subprocess.py:93} INFO - 🔧 Transform: filtrando usuários com idade > 30...
[2026-03-08T10:27:19.444+0000] {subprocess.py:93} INFO - Linhas após transformação: 3
[2026-03-08T10:27:19.445+0000] {subprocess.py:93} INFO - 💾 Load: salvando dados no Postgres...
[2026-03-08T10:27:19.445+0000] {subprocess.py:93} INFO - ✅ Dados salvos na tabela users_clean!
[2026-03-08T10:27:19.445+0000] {subprocess.py:93} INFO - 🏁 Pipeline finalizado com sucesso!
[2026-03-08T10:27:19.537+0000] {subprocess.py:97} INFO - Command exited with return code 0
[2026-03-08T10:27:19.540+0000] {taskinstance.py:441} INFO - ::group::Post task execution logs
[2026-03-08T10:27:19.587+0000] {taskinstance.py:1206} INFO - Marking task as SUCCESS. dag_id=etl_users_pipeline, task_id=run_etl_script, run_id=manual__2026-03-08T10:27:16.119234+00:00, execution_date=20260308T102716, start_date=20260308T102717, end_date=20260308T102719
[2026-03-08T10:27:19.629+0000] {local_task_job_runner.py:243} INFO - Task exited with return code 0
[2026-03-08T10:27:19.669+0000] {taskinstance.py:3503} INFO - 0 downstream tasks scheduled from follow-on schedule check
[2026-03-08T10:27:19.670+0000] {local_task_job_runner.py:222} INFO - ::endgroup::
