[2026-03-06T05:49:26.489+0000] {processor.py:161} INFO - Started process (PID=163) to work on /opt/airflow/dags/hello_airflow.py
[2026-03-06T05:49:26.490+0000] {processor.py:830} INFO - Processing file /opt/airflow/dags/hello_airflow.py for tasks to queue
[2026-03-06T05:49:26.498+0000] {logging_mixin.py:188} INFO - [2026-03-06T05:49:26.498+0000] {dagbag.py:545} INFO - Filling up the DagBag from /opt/airflow/dags/hello_airflow.py
[2026-03-06T05:49:26.535+0000] {processor.py:840} INFO - DAG(s) 'hello_airflow' retrieved from /opt/airflow/dags/hello_airflow.py
[2026-03-06T05:49:26.760+0000] {logging_mixin.py:188} INFO - [2026-03-06T05:49:26.759+0000] {override.py:1858} INFO - Created Permission View: can edit on DAG:hello_airflow
[2026-03-06T05:49:26.764+0000] {logging_mixin.py:188} INFO - [2026-03-06T05:49:26.764+0000] {override.py:1858} INFO - Created Permission View: can read on DAG:hello_airflow
[2026-03-06T05:49:26.766+0000] {logging_mixin.py:188} INFO - [2026-03-06T05:49:26.766+0000] {override.py:1858} INFO - Created Permission View: can delete on DAG:hello_airflow
[2026-03-06T05:49:26.766+0000] {logging_mixin.py:188} INFO - [2026-03-06T05:49:26.766+0000] {dag.py:3089} INFO - Sync 1 DAGs
[2026-03-06T05:49:26.773+0000] {logging_mixin.py:188} INFO - [2026-03-06T05:49:26.773+0000] {dag.py:3111} INFO - Creating ORM DAG for hello_airflow
[2026-03-06T05:49:26.773+0000] {logging_mixin.py:188} INFO - [2026-03-06T05:49:26.773+0000] {dag.py:3947} INFO - Setting next_dagrun for hello_airflow to None, run_after=None
[2026-03-06T05:49:26.781+0000] {processor.py:183} INFO - Processing /opt/airflow/dags/hello_airflow.py took 0.298 seconds
[2026-03-06T05:49:57.121+0000] {processor.py:161} INFO - Started process (PID=168) to work on /opt/airflow/dags/hello_airflow.py
[2026-03-06T05:49:57.123+0000] {processor.py:830} INFO - Processing file /opt/airflow/dags/hello_airflow.py for tasks to queue
[2026-03-06T05:49:57.126+0000] {logging_mixin.py:188} INFO - [2026-03-06T05:49:57.125+0000] {dagbag.py:545} INFO - Filling up the DagBag from /opt/airflow/dags/hello_airflow.py
[2026-03-06T05:49:57.141+0000] {processor.py:840} INFO - DAG(s) 'hello_airflow' retrieved from /opt/airflow/dags/hello_airflow.py
[2026-03-06T05:49:57.174+0000] {logging_mixin.py:188} INFO - [2026-03-06T05:49:57.174+0000] {dag.py:3089} INFO - Sync 1 DAGs
[2026-03-06T05:49:57.184+0000] {logging_mixin.py:188} INFO - [2026-03-06T05:49:57.184+0000] {dag.py:3947} INFO - Setting next_dagrun for hello_airflow to None, run_after=None
[2026-03-06T05:49:57.193+0000] {processor.py:183} INFO - Processing /opt/airflow/dags/hello_airflow.py took 0.085 seconds
[2026-03-06T05:50:27.496+0000] {processor.py:161} INFO - Started process (PID=173) to work on /opt/airflow/dags/hello_airflow.py
[2026-03-06T05:50:27.497+0000] {processor.py:830} INFO - Processing file /opt/airflow/dags/hello_airflow.py for tasks to queue
[2026-03-06T05:50:27.500+0000] {logging_mixin.py:188} INFO - [2026-03-06T05:50:27.500+0000] {dagbag.py:545} INFO - Filling up the DagBag from /opt/airflow/dags/hello_airflow.py
[2026-03-06T05:50:27.515+0000] {processor.py:840} INFO - DAG(s) 'hello_airflow' retrieved from /opt/airflow/dags/hello_airflow.py
[2026-03-06T05:50:27.543+0000] {logging_mixin.py:188} INFO - [2026-03-06T05:50:27.543+0000] {dag.py:3089} INFO - Sync 1 DAGs
[2026-03-06T05:50:27.550+0000] {logging_mixin.py:188} INFO - [2026-03-06T05:50:27.550+0000] {dag.py:3947} INFO - Setting next_dagrun for hello_airflow to None, run_after=None
[2026-03-06T05:50:27.559+0000] {processor.py:183} INFO - Processing /opt/airflow/dags/hello_airflow.py took 0.082 seconds
[2026-03-06T05:50:57.863+0000] {processor.py:161} INFO - Started process (PID=178) to work on /opt/airflow/dags/hello_airflow.py
[2026-03-06T05:50:57.864+0000] {processor.py:830} INFO - Processing file /opt/airflow/dags/hello_airflow.py for tasks to queue
[2026-03-06T05:50:57.866+0000] {logging_mixin.py:188} INFO - [2026-03-06T05:50:57.866+0000] {dagbag.py:545} INFO - Filling up the DagBag from /opt/airflow/dags/hello_airflow.py
[2026-03-06T05:50:57.876+0000] {processor.py:840} INFO - DAG(s) 'hello_airflow' retrieved from /opt/airflow/dags/hello_airflow.py
[2026-03-06T05:50:57.903+0000] {logging_mixin.py:188} INFO - [2026-03-06T05:50:57.902+0000] {dag.py:3089} INFO - Sync 1 DAGs
[2026-03-06T05:50:57.909+0000] {logging_mixin.py:188} INFO - [2026-03-06T05:50:57.909+0000] {dag.py:3947} INFO - Setting next_dagrun for hello_airflow to None, run_after=None
[2026-03-06T05:50:57.917+0000] {processor.py:183} INFO - Processing /opt/airflow/dags/hello_airflow.py took 0.060 seconds
[2026-03-06T05:51:28.217+0000] {processor.py:161} INFO - Started process (PID=183) to work on /opt/airflow/dags/hello_airflow.py
[2026-03-06T05:51:28.218+0000] {processor.py:830} INFO - Processing file /opt/airflow/dags/hello_airflow.py for tasks to queue
[2026-03-06T05:51:28.220+0000] {logging_mixin.py:188} INFO - [2026-03-06T05:51:28.220+0000] {dagbag.py:545} INFO - Filling up the DagBag from /opt/airflow/dags/hello_airflow.py
[2026-03-06T05:51:28.229+0000] {processor.py:840} INFO - DAG(s) 'hello_airflow' retrieved from /opt/airflow/dags/hello_airflow.py
[2026-03-06T05:51:28.255+0000] {logging_mixin.py:188} INFO - [2026-03-06T05:51:28.255+0000] {dag.py:3089} INFO - Sync 1 DAGs
[2026-03-06T05:51:28.262+0000] {logging_mixin.py:188} INFO - [2026-03-06T05:51:28.262+0000] {dag.py:3947} INFO - Setting next_dagrun for hello_airflow to None, run_after=None
[2026-03-06T05:51:28.270+0000] {processor.py:183} INFO - Processing /opt/airflow/dags/hello_airflow.py took 0.059 seconds
[2026-03-06T05:51:58.578+0000] {processor.py:161} INFO - Started process (PID=188) to work on /opt/airflow/dags/hello_airflow.py
[2026-03-06T05:51:58.580+0000] {processor.py:830} INFO - Processing file /opt/airflow/dags/hello_airflow.py for tasks to queue
[2026-03-06T05:51:58.587+0000] {logging_mixin.py:188} INFO - [2026-03-06T05:51:58.586+0000] {dagbag.py:545} INFO - Filling up the DagBag from /opt/airflow/dags/hello_airflow.py
[2026-03-06T05:51:58.602+0000] {processor.py:840} INFO - DAG(s) 'hello_airflow' retrieved from /opt/airflow/dags/hello_airflow.py
[2026-03-06T05:51:58.635+0000] {logging_mixin.py:188} INFO - [2026-03-06T05:51:58.635+0000] {dag.py:3089} INFO - Sync 1 DAGs
[2026-03-06T05:51:58.655+0000] {logging_mixin.py:188} INFO - [2026-03-06T05:51:58.655+0000] {dag.py:3947} INFO - Setting next_dagrun for hello_airflow to None, run_after=None
[2026-03-06T05:51:58.665+0000] {processor.py:183} INFO - Processing /opt/airflow/dags/hello_airflow.py took 0.108 seconds
[2026-03-06T05:52:28.974+0000] {processor.py:161} INFO - Started process (PID=193) to work on /opt/airflow/dags/hello_airflow.py
[2026-03-06T05:52:28.975+0000] {processor.py:830} INFO - Processing file /opt/airflow/dags/hello_airflow.py for tasks to queue
[2026-03-06T05:52:28.978+0000] {logging_mixin.py:188} INFO - [2026-03-06T05:52:28.977+0000] {dagbag.py:545} INFO - Filling up the DagBag from /opt/airflow/dags/hello_airflow.py
[2026-03-06T05:52:28.991+0000] {processor.py:840} INFO - DAG(s) 'hello_airflow' retrieved from /opt/airflow/dags/hello_airflow.py
[2026-03-06T05:52:29.023+0000] {logging_mixin.py:188} INFO - [2026-03-06T05:52:29.023+0000] {dag.py:3089} INFO - Sync 1 DAGs
[2026-03-06T05:52:29.031+0000] {logging_mixin.py:188} INFO - [2026-03-06T05:52:29.031+0000] {dag.py:3947} INFO - Setting next_dagrun for hello_airflow to None, run_after=None
[2026-03-06T05:52:29.044+0000] {processor.py:183} INFO - Processing /opt/airflow/dags/hello_airflow.py took 0.089 seconds
[2026-03-06T05:52:59.313+0000] {processor.py:161} INFO - Started process (PID=198) to work on /opt/airflow/dags/hello_airflow.py
[2026-03-06T05:52:59.314+0000] {processor.py:830} INFO - Processing file /opt/airflow/dags/hello_airflow.py for tasks to queue
[2026-03-06T05:52:59.317+0000] {logging_mixin.py:188} INFO - [2026-03-06T05:52:59.317+0000] {dagbag.py:545} INFO - Filling up the DagBag from /opt/airflow/dags/hello_airflow.py
[2026-03-06T05:52:59.331+0000] {processor.py:840} INFO - DAG(s) 'hello_airflow' retrieved from /opt/airflow/dags/hello_airflow.py
[2026-03-06T05:52:59.357+0000] {logging_mixin.py:188} INFO - [2026-03-06T05:52:59.357+0000] {dag.py:3089} INFO - Sync 1 DAGs
[2026-03-06T05:52:59.365+0000] {logging_mixin.py:188} INFO - [2026-03-06T05:52:59.365+0000] {dag.py:3947} INFO - Setting next_dagrun for hello_airflow to None, run_after=None
[2026-03-06T05:52:59.373+0000] {processor.py:183} INFO - Processing /opt/airflow/dags/hello_airflow.py took 0.069 seconds
[2026-03-06T05:53:29.755+0000] {processor.py:161} INFO - Started process (PID=203) to work on /opt/airflow/dags/hello_airflow.py
[2026-03-06T05:53:29.756+0000] {processor.py:830} INFO - Processing file /opt/airflow/dags/hello_airflow.py for tasks to queue
[2026-03-06T05:53:29.758+0000] {logging_mixin.py:188} INFO - [2026-03-06T05:53:29.758+0000] {dagbag.py:545} INFO - Filling up the DagBag from /opt/airflow/dags/hello_airflow.py
[2026-03-06T05:53:29.770+0000] {processor.py:840} INFO - DAG(s) 'hello_airflow' retrieved from /opt/airflow/dags/hello_airflow.py
[2026-03-06T05:53:29.819+0000] {logging_mixin.py:188} INFO - [2026-03-06T05:53:29.819+0000] {dag.py:3089} INFO - Sync 1 DAGs
[2026-03-06T05:53:29.828+0000] {logging_mixin.py:188} INFO - [2026-03-06T05:53:29.828+0000] {dag.py:3947} INFO - Setting next_dagrun for hello_airflow to None, run_after=None
[2026-03-06T05:53:29.838+0000] {processor.py:183} INFO - Processing /opt/airflow/dags/hello_airflow.py took 0.090 seconds
[2026-03-06T05:54:00.100+0000] {processor.py:161} INFO - Started process (PID=208) to work on /opt/airflow/dags/hello_airflow.py
[2026-03-06T05:54:00.101+0000] {processor.py:830} INFO - Processing file /opt/airflow/dags/hello_airflow.py for tasks to queue
[2026-03-06T05:54:00.103+0000] {logging_mixin.py:188} INFO - [2026-03-06T05:54:00.103+0000] {dagbag.py:545} INFO - Filling up the DagBag from /opt/airflow/dags/hello_airflow.py
[2026-03-06T05:54:00.128+0000] {processor.py:840} INFO - DAG(s) 'hello_airflow' retrieved from /opt/airflow/dags/hello_airflow.py
[2026-03-06T05:54:00.160+0000] {logging_mixin.py:188} INFO - [2026-03-06T05:54:00.160+0000] {dag.py:3089} INFO - Sync 1 DAGs
[2026-03-06T05:54:00.168+0000] {logging_mixin.py:188} INFO - [2026-03-06T05:54:00.168+0000] {dag.py:3947} INFO - Setting next_dagrun for hello_airflow to None, run_after=None
[2026-03-06T05:54:00.178+0000] {processor.py:183} INFO - Processing /opt/airflow/dags/hello_airflow.py took 0.089 seconds
[2026-03-06T05:54:30.505+0000] {processor.py:161} INFO - Started process (PID=213) to work on /opt/airflow/dags/hello_airflow.py
[2026-03-06T05:54:30.506+0000] {processor.py:830} INFO - Processing file /opt/airflow/dags/hello_airflow.py for tasks to queue
[2026-03-06T05:54:30.509+0000] {logging_mixin.py:188} INFO - [2026-03-06T05:54:30.509+0000] {dagbag.py:545} INFO - Filling up the DagBag from /opt/airflow/dags/hello_airflow.py
[2026-03-06T05:54:30.522+0000] {processor.py:840} INFO - DAG(s) 'hello_airflow' retrieved from /opt/airflow/dags/hello_airflow.py
[2026-03-06T05:54:30.554+0000] {logging_mixin.py:188} INFO - [2026-03-06T05:54:30.554+0000] {dag.py:3089} INFO - Sync 1 DAGs
[2026-03-06T05:54:30.562+0000] {logging_mixin.py:188} INFO - [2026-03-06T05:54:30.562+0000] {dag.py:3947} INFO - Setting next_dagrun for hello_airflow to None, run_after=None
[2026-03-06T05:54:30.571+0000] {processor.py:183} INFO - Processing /opt/airflow/dags/hello_airflow.py took 0.073 seconds
[2026-03-06T05:55:00.878+0000] {processor.py:161} INFO - Started process (PID=218) to work on /opt/airflow/dags/hello_airflow.py
[2026-03-06T05:55:00.879+0000] {processor.py:830} INFO - Processing file /opt/airflow/dags/hello_airflow.py for tasks to queue
[2026-03-06T05:55:00.882+0000] {logging_mixin.py:188} INFO - [2026-03-06T05:55:00.881+0000] {dagbag.py:545} INFO - Filling up the DagBag from /opt/airflow/dags/hello_airflow.py
[2026-03-06T05:55:00.895+0000] {processor.py:840} INFO - DAG(s) 'hello_airflow' retrieved from /opt/airflow/dags/hello_airflow.py
[2026-03-06T05:55:00.929+0000] {logging_mixin.py:188} INFO - [2026-03-06T05:55:00.929+0000] {dag.py:3089} INFO - Sync 1 DAGs
[2026-03-06T05:55:00.937+0000] {logging_mixin.py:188} INFO - [2026-03-06T05:55:00.937+0000] {dag.py:3947} INFO - Setting next_dagrun for hello_airflow to None, run_after=None
[2026-03-06T05:55:00.957+0000] {processor.py:183} INFO - Processing /opt/airflow/dags/hello_airflow.py took 0.094 seconds
[2026-03-06T05:55:31.182+0000] {processor.py:161} INFO - Started process (PID=223) to work on /opt/airflow/dags/hello_airflow.py
[2026-03-06T05:55:31.183+0000] {processor.py:830} INFO - Processing file /opt/airflow/dags/hello_airflow.py for tasks to queue
[2026-03-06T05:55:31.186+0000] {logging_mixin.py:188} INFO - [2026-03-06T05:55:31.186+0000] {dagbag.py:545} INFO - Filling up the DagBag from /opt/airflow/dags/hello_airflow.py
[2026-03-06T05:55:31.201+0000] {processor.py:840} INFO - DAG(s) 'hello_airflow' retrieved from /opt/airflow/dags/hello_airflow.py
[2026-03-06T05:55:31.232+0000] {logging_mixin.py:188} INFO - [2026-03-06T05:55:31.232+0000] {dag.py:3089} INFO - Sync 1 DAGs
[2026-03-06T05:55:31.241+0000] {logging_mixin.py:188} INFO - [2026-03-06T05:55:31.241+0000] {dag.py:3947} INFO - Setting next_dagrun for hello_airflow to None, run_after=None
[2026-03-06T05:55:31.251+0000] {processor.py:183} INFO - Processing /opt/airflow/dags/hello_airflow.py took 0.078 seconds
[2026-03-06T05:56:01.630+0000] {processor.py:161} INFO - Started process (PID=228) to work on /opt/airflow/dags/hello_airflow.py
[2026-03-06T05:56:01.632+0000] {processor.py:830} INFO - Processing file /opt/airflow/dags/hello_airflow.py for tasks to queue
[2026-03-06T05:56:01.636+0000] {logging_mixin.py:188} INFO - [2026-03-06T05:56:01.636+0000] {dagbag.py:545} INFO - Filling up the DagBag from /opt/airflow/dags/hello_airflow.py
[2026-03-06T05:56:01.651+0000] {processor.py:840} INFO - DAG(s) 'hello_airflow' retrieved from /opt/airflow/dags/hello_airflow.py
[2026-03-06T05:56:01.693+0000] {logging_mixin.py:188} INFO - [2026-03-06T05:56:01.693+0000] {dag.py:3089} INFO - Sync 1 DAGs
[2026-03-06T05:56:01.702+0000] {logging_mixin.py:188} INFO - [2026-03-06T05:56:01.702+0000] {dag.py:3947} INFO - Setting next_dagrun for hello_airflow to None, run_after=None
[2026-03-06T05:56:01.714+0000] {processor.py:183} INFO - Processing /opt/airflow/dags/hello_airflow.py took 0.108 seconds
[2026-03-06T05:56:32.026+0000] {processor.py:161} INFO - Started process (PID=233) to work on /opt/airflow/dags/hello_airflow.py
[2026-03-06T05:56:32.028+0000] {processor.py:830} INFO - Processing file /opt/airflow/dags/hello_airflow.py for tasks to queue
[2026-03-06T05:56:32.031+0000] {logging_mixin.py:188} INFO - [2026-03-06T05:56:32.030+0000] {dagbag.py:545} INFO - Filling up the DagBag from /opt/airflow/dags/hello_airflow.py
[2026-03-06T05:56:32.060+0000] {processor.py:840} INFO - DAG(s) 'hello_airflow' retrieved from /opt/airflow/dags/hello_airflow.py
[2026-03-06T05:56:32.118+0000] {logging_mixin.py:188} INFO - [2026-03-06T05:56:32.118+0000] {dag.py:3089} INFO - Sync 1 DAGs
[2026-03-06T05:56:32.130+0000] {logging_mixin.py:188} INFO - [2026-03-06T05:56:32.130+0000] {dag.py:3947} INFO - Setting next_dagrun for hello_airflow to None, run_after=None
[2026-03-06T05:56:32.145+0000] {processor.py:183} INFO - Processing /opt/airflow/dags/hello_airflow.py took 0.128 seconds
[2026-03-06T05:57:02.460+0000] {processor.py:161} INFO - Started process (PID=238) to work on /opt/airflow/dags/hello_airflow.py
[2026-03-06T05:57:02.461+0000] {processor.py:830} INFO - Processing file /opt/airflow/dags/hello_airflow.py for tasks to queue
[2026-03-06T05:57:02.464+0000] {logging_mixin.py:188} INFO - [2026-03-06T05:57:02.464+0000] {dagbag.py:545} INFO - Filling up the DagBag from /opt/airflow/dags/hello_airflow.py
[2026-03-06T05:57:02.478+0000] {processor.py:840} INFO - DAG(s) 'hello_airflow' retrieved from /opt/airflow/dags/hello_airflow.py
[2026-03-06T05:57:02.525+0000] {logging_mixin.py:188} INFO - [2026-03-06T05:57:02.525+0000] {dag.py:3089} INFO - Sync 1 DAGs
[2026-03-06T05:57:02.538+0000] {logging_mixin.py:188} INFO - [2026-03-06T05:57:02.538+0000] {dag.py:3947} INFO - Setting next_dagrun for hello_airflow to None, run_after=None
[2026-03-06T05:57:02.550+0000] {processor.py:183} INFO - Processing /opt/airflow/dags/hello_airflow.py took 0.118 seconds
[2026-03-06T05:57:32.741+0000] {processor.py:161} INFO - Started process (PID=243) to work on /opt/airflow/dags/hello_airflow.py
[2026-03-06T05:57:32.742+0000] {processor.py:830} INFO - Processing file /opt/airflow/dags/hello_airflow.py for tasks to queue
[2026-03-06T05:57:32.745+0000] {logging_mixin.py:188} INFO - [2026-03-06T05:57:32.744+0000] {dagbag.py:545} INFO - Filling up the DagBag from /opt/airflow/dags/hello_airflow.py
[2026-03-06T05:57:32.757+0000] {processor.py:840} INFO - DAG(s) 'hello_airflow' retrieved from /opt/airflow/dags/hello_airflow.py
[2026-03-06T05:57:32.789+0000] {logging_mixin.py:188} INFO - [2026-03-06T05:57:32.789+0000] {dag.py:3089} INFO - Sync 1 DAGs
[2026-03-06T05:57:32.798+0000] {logging_mixin.py:188} INFO - [2026-03-06T05:57:32.798+0000] {dag.py:3947} INFO - Setting next_dagrun for hello_airflow to None, run_after=None
[2026-03-06T05:57:32.808+0000] {processor.py:183} INFO - Processing /opt/airflow/dags/hello_airflow.py took 0.076 seconds
[2026-03-06T05:58:02.998+0000] {processor.py:161} INFO - Started process (PID=248) to work on /opt/airflow/dags/hello_airflow.py
[2026-03-06T05:58:02.999+0000] {processor.py:830} INFO - Processing file /opt/airflow/dags/hello_airflow.py for tasks to queue
[2026-03-06T05:58:03.001+0000] {logging_mixin.py:188} INFO - [2026-03-06T05:58:03.001+0000] {dagbag.py:545} INFO - Filling up the DagBag from /opt/airflow/dags/hello_airflow.py
[2026-03-06T05:58:03.029+0000] {processor.py:840} INFO - DAG(s) 'hello_airflow' retrieved from /opt/airflow/dags/hello_airflow.py
[2026-03-06T05:58:03.066+0000] {logging_mixin.py:188} INFO - [2026-03-06T05:58:03.066+0000] {dag.py:3089} INFO - Sync 1 DAGs
[2026-03-06T05:58:03.076+0000] {logging_mixin.py:188} INFO - [2026-03-06T05:58:03.076+0000] {dag.py:3947} INFO - Setting next_dagrun for hello_airflow to None, run_after=None
[2026-03-06T05:58:03.086+0000] {processor.py:183} INFO - Processing /opt/airflow/dags/hello_airflow.py took 0.097 seconds
[2026-03-06T05:58:33.355+0000] {processor.py:161} INFO - Started process (PID=253) to work on /opt/airflow/dags/hello_airflow.py
[2026-03-06T05:58:33.357+0000] {processor.py:830} INFO - Processing file /opt/airflow/dags/hello_airflow.py for tasks to queue
[2026-03-06T05:58:33.359+0000] {logging_mixin.py:188} INFO - [2026-03-06T05:58:33.359+0000] {dagbag.py:545} INFO - Filling up the DagBag from /opt/airflow/dags/hello_airflow.py
[2026-03-06T05:58:33.372+0000] {processor.py:840} INFO - DAG(s) 'hello_airflow' retrieved from /opt/airflow/dags/hello_airflow.py
[2026-03-06T05:58:33.400+0000] {logging_mixin.py:188} INFO - [2026-03-06T05:58:33.400+0000] {dag.py:3089} INFO - Sync 1 DAGs
[2026-03-06T05:58:33.410+0000] {logging_mixin.py:188} INFO - [2026-03-06T05:58:33.409+0000] {dag.py:3947} INFO - Setting next_dagrun for hello_airflow to None, run_after=None
[2026-03-06T05:58:33.420+0000] {processor.py:183} INFO - Processing /opt/airflow/dags/hello_airflow.py took 0.073 seconds
[2026-03-06T05:59:03.699+0000] {processor.py:161} INFO - Started process (PID=258) to work on /opt/airflow/dags/hello_airflow.py
[2026-03-06T05:59:03.700+0000] {processor.py:830} INFO - Processing file /opt/airflow/dags/hello_airflow.py for tasks to queue
[2026-03-06T05:59:03.708+0000] {logging_mixin.py:188} INFO - [2026-03-06T05:59:03.707+0000] {dagbag.py:545} INFO - Filling up the DagBag from /opt/airflow/dags/hello_airflow.py
[2026-03-06T05:59:03.745+0000] {processor.py:840} INFO - DAG(s) 'hello_airflow' retrieved from /opt/airflow/dags/hello_airflow.py
[2026-03-06T05:59:03.778+0000] {logging_mixin.py:188} INFO - [2026-03-06T05:59:03.778+0000] {dag.py:3089} INFO - Sync 1 DAGs
[2026-03-06T05:59:03.788+0000] {logging_mixin.py:188} INFO - [2026-03-06T05:59:03.788+0000] {dag.py:3947} INFO - Setting next_dagrun for hello_airflow to None, run_after=None
[2026-03-06T05:59:03.803+0000] {processor.py:183} INFO - Processing /opt/airflow/dags/hello_airflow.py took 0.115 seconds
[2026-03-06T05:59:05.850+0000] {processor.py:161} INFO - Started process (PID=263) to work on /opt/airflow/dags/hello_airflow.py
[2026-03-06T05:59:05.851+0000] {processor.py:830} INFO - Processing file /opt/airflow/dags/hello_airflow.py for tasks to queue
[2026-03-06T05:59:05.853+0000] {logging_mixin.py:188} INFO - [2026-03-06T05:59:05.852+0000] {dagbag.py:545} INFO - Filling up the DagBag from /opt/airflow/dags/hello_airflow.py
[2026-03-06T05:59:05.864+0000] {processor.py:840} INFO - DAG(s) 'hello_airflow' retrieved from /opt/airflow/dags/hello_airflow.py
[2026-03-06T05:59:05.894+0000] {logging_mixin.py:188} INFO - [2026-03-06T05:59:05.893+0000] {dag.py:3089} INFO - Sync 1 DAGs
[2026-03-06T05:59:05.902+0000] {logging_mixin.py:188} INFO - [2026-03-06T05:59:05.902+0000] {dag.py:3947} INFO - Setting next_dagrun for hello_airflow to None, run_after=None
[2026-03-06T05:59:05.914+0000] {processor.py:183} INFO - Processing /opt/airflow/dags/hello_airflow.py took 0.070 seconds
[2026-03-06T05:59:36.189+0000] {processor.py:161} INFO - Started process (PID=268) to work on /opt/airflow/dags/hello_airflow.py
[2026-03-06T05:59:36.190+0000] {processor.py:830} INFO - Processing file /opt/airflow/dags/hello_airflow.py for tasks to queue
[2026-03-06T05:59:36.192+0000] {logging_mixin.py:188} INFO - [2026-03-06T05:59:36.192+0000] {dagbag.py:545} INFO - Filling up the DagBag from /opt/airflow/dags/hello_airflow.py
[2026-03-06T05:59:36.224+0000] {processor.py:840} INFO - DAG(s) 'hello_airflow' retrieved from /opt/airflow/dags/hello_airflow.py
[2026-03-06T05:59:36.260+0000] {logging_mixin.py:188} INFO - [2026-03-06T05:59:36.260+0000] {dag.py:3089} INFO - Sync 1 DAGs
[2026-03-06T05:59:36.271+0000] {logging_mixin.py:188} INFO - [2026-03-06T05:59:36.271+0000] {dag.py:3947} INFO - Setting next_dagrun for hello_airflow to None, run_after=None
[2026-03-06T05:59:36.281+0000] {processor.py:183} INFO - Processing /opt/airflow/dags/hello_airflow.py took 0.100 seconds
[2026-03-06T06:00:06.460+0000] {processor.py:161} INFO - Started process (PID=273) to work on /opt/airflow/dags/hello_airflow.py
[2026-03-06T06:00:06.462+0000] {processor.py:830} INFO - Processing file /opt/airflow/dags/hello_airflow.py for tasks to queue
[2026-03-06T06:00:06.467+0000] {logging_mixin.py:188} INFO - [2026-03-06T06:00:06.466+0000] {dagbag.py:545} INFO - Filling up the DagBag from /opt/airflow/dags/hello_airflow.py
[2026-03-06T06:00:06.485+0000] {processor.py:840} INFO - DAG(s) 'hello_airflow' retrieved from /opt/airflow/dags/hello_airflow.py
[2026-03-06T06:00:06.530+0000] {logging_mixin.py:188} INFO - [2026-03-06T06:00:06.530+0000] {dag.py:3089} INFO - Sync 1 DAGs
[2026-03-06T06:00:06.543+0000] {logging_mixin.py:188} INFO - [2026-03-06T06:00:06.543+0000] {dag.py:3947} INFO - Setting next_dagrun for hello_airflow to None, run_after=None
[2026-03-06T06:00:06.553+0000] {processor.py:183} INFO - Processing /opt/airflow/dags/hello_airflow.py took 0.102 seconds
[2026-03-06T06:00:36.948+0000] {processor.py:161} INFO - Started process (PID=278) to work on /opt/airflow/dags/hello_airflow.py
[2026-03-06T06:00:36.950+0000] {processor.py:830} INFO - Processing file /opt/airflow/dags/hello_airflow.py for tasks to queue
[2026-03-06T06:00:36.954+0000] {logging_mixin.py:188} INFO - [2026-03-06T06:00:36.953+0000] {dagbag.py:545} INFO - Filling up the DagBag from /opt/airflow/dags/hello_airflow.py
[2026-03-06T06:00:36.981+0000] {processor.py:840} INFO - DAG(s) 'hello_airflow' retrieved from /opt/airflow/dags/hello_airflow.py
[2026-03-06T06:00:37.038+0000] {logging_mixin.py:188} INFO - [2026-03-06T06:00:37.038+0000] {dag.py:3089} INFO - Sync 1 DAGs
[2026-03-06T06:00:37.050+0000] {logging_mixin.py:188} INFO - [2026-03-06T06:00:37.050+0000] {dag.py:3947} INFO - Setting next_dagrun for hello_airflow to None, run_after=None
[2026-03-06T06:00:37.072+0000] {processor.py:183} INFO - Processing /opt/airflow/dags/hello_airflow.py took 0.135 seconds
[2026-03-06T06:01:07.396+0000] {processor.py:161} INFO - Started process (PID=283) to work on /opt/airflow/dags/hello_airflow.py
[2026-03-06T06:01:07.397+0000] {processor.py:830} INFO - Processing file /opt/airflow/dags/hello_airflow.py for tasks to queue
[2026-03-06T06:01:07.401+0000] {logging_mixin.py:188} INFO - [2026-03-06T06:01:07.400+0000] {dagbag.py:545} INFO - Filling up the DagBag from /opt/airflow/dags/hello_airflow.py
[2026-03-06T06:01:07.417+0000] {processor.py:840} INFO - DAG(s) 'hello_airflow' retrieved from /opt/airflow/dags/hello_airflow.py
[2026-03-06T06:01:07.476+0000] {logging_mixin.py:188} INFO - [2026-03-06T06:01:07.476+0000] {dag.py:3089} INFO - Sync 1 DAGs
[2026-03-06T06:01:07.492+0000] {logging_mixin.py:188} INFO - [2026-03-06T06:01:07.492+0000] {dag.py:3947} INFO - Setting next_dagrun for hello_airflow to None, run_after=None
[2026-03-06T06:01:07.510+0000] {processor.py:183} INFO - Processing /opt/airflow/dags/hello_airflow.py took 0.123 seconds
[2026-03-06T06:01:37.728+0000] {processor.py:161} INFO - Started process (PID=288) to work on /opt/airflow/dags/hello_airflow.py
[2026-03-06T06:01:37.729+0000] {processor.py:830} INFO - Processing file /opt/airflow/dags/hello_airflow.py for tasks to queue
[2026-03-06T06:01:37.732+0000] {logging_mixin.py:188} INFO - [2026-03-06T06:01:37.732+0000] {dagbag.py:545} INFO - Filling up the DagBag from /opt/airflow/dags/hello_airflow.py
[2026-03-06T06:01:37.746+0000] {processor.py:840} INFO - DAG(s) 'hello_airflow' retrieved from /opt/airflow/dags/hello_airflow.py
[2026-03-06T06:01:37.801+0000] {logging_mixin.py:188} INFO - [2026-03-06T06:01:37.801+0000] {dag.py:3089} INFO - Sync 1 DAGs
[2026-03-06T06:01:37.812+0000] {logging_mixin.py:188} INFO - [2026-03-06T06:01:37.812+0000] {dag.py:3947} INFO - Setting next_dagrun for hello_airflow to None, run_after=None
[2026-03-06T06:01:37.823+0000] {processor.py:183} INFO - Processing /opt/airflow/dags/hello_airflow.py took 0.102 seconds
[2026-03-06T06:02:08.093+0000] {processor.py:161} INFO - Started process (PID=293) to work on /opt/airflow/dags/hello_airflow.py
[2026-03-06T06:02:08.094+0000] {processor.py:830} INFO - Processing file /opt/airflow/dags/hello_airflow.py for tasks to queue
[2026-03-06T06:02:08.095+0000] {logging_mixin.py:188} INFO - [2026-03-06T06:02:08.095+0000] {dagbag.py:545} INFO - Filling up the DagBag from /opt/airflow/dags/hello_airflow.py
[2026-03-06T06:02:08.104+0000] {processor.py:840} INFO - DAG(s) 'hello_airflow' retrieved from /opt/airflow/dags/hello_airflow.py
[2026-03-06T06:02:08.132+0000] {logging_mixin.py:188} INFO - [2026-03-06T06:02:08.132+0000] {dag.py:3089} INFO - Sync 1 DAGs
[2026-03-06T06:02:08.140+0000] {logging_mixin.py:188} INFO - [2026-03-06T06:02:08.140+0000] {dag.py:3947} INFO - Setting next_dagrun for hello_airflow to None, run_after=None
[2026-03-06T06:02:08.151+0000] {processor.py:183} INFO - Processing /opt/airflow/dags/hello_airflow.py took 0.068 seconds
[2026-03-06T06:02:38.412+0000] {processor.py:161} INFO - Started process (PID=298) to work on /opt/airflow/dags/hello_airflow.py
[2026-03-06T06:02:38.413+0000] {processor.py:830} INFO - Processing file /opt/airflow/dags/hello_airflow.py for tasks to queue
[2026-03-06T06:02:38.416+0000] {logging_mixin.py:188} INFO - [2026-03-06T06:02:38.415+0000] {dagbag.py:545} INFO - Filling up the DagBag from /opt/airflow/dags/hello_airflow.py
[2026-03-06T06:02:38.448+0000] {processor.py:840} INFO - DAG(s) 'hello_airflow' retrieved from /opt/airflow/dags/hello_airflow.py
[2026-03-06T06:02:38.485+0000] {logging_mixin.py:188} INFO - [2026-03-06T06:02:38.485+0000] {dag.py:3089} INFO - Sync 1 DAGs
[2026-03-06T06:02:38.495+0000] {logging_mixin.py:188} INFO - [2026-03-06T06:02:38.495+0000] {dag.py:3947} INFO - Setting next_dagrun for hello_airflow to None, run_after=None
[2026-03-06T06:02:38.505+0000] {processor.py:183} INFO - Processing /opt/airflow/dags/hello_airflow.py took 0.101 seconds
[2026-03-06T06:03:08.725+0000] {processor.py:161} INFO - Started process (PID=303) to work on /opt/airflow/dags/hello_airflow.py
[2026-03-06T06:03:08.727+0000] {processor.py:830} INFO - Processing file /opt/airflow/dags/hello_airflow.py for tasks to queue
[2026-03-06T06:03:08.730+0000] {logging_mixin.py:188} INFO - [2026-03-06T06:03:08.730+0000] {dagbag.py:545} INFO - Filling up the DagBag from /opt/airflow/dags/hello_airflow.py
[2026-03-06T06:03:08.745+0000] {processor.py:840} INFO - DAG(s) 'hello_airflow' retrieved from /opt/airflow/dags/hello_airflow.py
[2026-03-06T06:03:08.797+0000] {logging_mixin.py:188} INFO - [2026-03-06T06:03:08.797+0000] {dag.py:3089} INFO - Sync 1 DAGs
[2026-03-06T06:03:08.809+0000] {logging_mixin.py:188} INFO - [2026-03-06T06:03:08.809+0000] {dag.py:3947} INFO - Setting next_dagrun for hello_airflow to None, run_after=None
[2026-03-06T06:03:08.829+0000] {processor.py:183} INFO - Processing /opt/airflow/dags/hello_airflow.py took 0.129 seconds
[2026-03-06T06:03:39.144+0000] {processor.py:161} INFO - Started process (PID=308) to work on /opt/airflow/dags/hello_airflow.py
[2026-03-06T06:03:39.145+0000] {processor.py:830} INFO - Processing file /opt/airflow/dags/hello_airflow.py for tasks to queue
[2026-03-06T06:03:39.148+0000] {logging_mixin.py:188} INFO - [2026-03-06T06:03:39.148+0000] {dagbag.py:545} INFO - Filling up the DagBag from /opt/airflow/dags/hello_airflow.py
[2026-03-06T06:03:39.160+0000] {processor.py:840} INFO - DAG(s) 'hello_airflow' retrieved from /opt/airflow/dags/hello_airflow.py
[2026-03-06T06:03:39.215+0000] {logging_mixin.py:188} INFO - [2026-03-06T06:03:39.214+0000] {dag.py:3089} INFO - Sync 1 DAGs
[2026-03-06T06:03:39.227+0000] {logging_mixin.py:188} INFO - [2026-03-06T06:03:39.226+0000] {dag.py:3947} INFO - Setting next_dagrun for hello_airflow to None, run_after=None
[2026-03-06T06:03:39.245+0000] {processor.py:183} INFO - Processing /opt/airflow/dags/hello_airflow.py took 0.110 seconds
[2026-03-06T06:04:09.610+0000] {processor.py:161} INFO - Started process (PID=313) to work on /opt/airflow/dags/hello_airflow.py
[2026-03-06T06:04:09.612+0000] {processor.py:830} INFO - Processing file /opt/airflow/dags/hello_airflow.py for tasks to queue
[2026-03-06T06:04:09.615+0000] {logging_mixin.py:188} INFO - [2026-03-06T06:04:09.614+0000] {dagbag.py:545} INFO - Filling up the DagBag from /opt/airflow/dags/hello_airflow.py
[2026-03-06T06:04:09.637+0000] {processor.py:840} INFO - DAG(s) 'hello_airflow' retrieved from /opt/airflow/dags/hello_airflow.py
[2026-03-06T06:04:09.694+0000] {logging_mixin.py:188} INFO - [2026-03-06T06:04:09.694+0000] {dag.py:3089} INFO - Sync 1 DAGs
[2026-03-06T06:04:09.718+0000] {logging_mixin.py:188} INFO - [2026-03-06T06:04:09.718+0000] {dag.py:3947} INFO - Setting next_dagrun for hello_airflow to None, run_after=None
[2026-03-06T06:04:09.736+0000] {processor.py:183} INFO - Processing /opt/airflow/dags/hello_airflow.py took 0.141 seconds
[2026-03-06T06:04:39.934+0000] {processor.py:161} INFO - Started process (PID=318) to work on /opt/airflow/dags/hello_airflow.py
[2026-03-06T06:04:39.935+0000] {processor.py:830} INFO - Processing file /opt/airflow/dags/hello_airflow.py for tasks to queue
[2026-03-06T06:04:39.937+0000] {logging_mixin.py:188} INFO - [2026-03-06T06:04:39.937+0000] {dagbag.py:545} INFO - Filling up the DagBag from /opt/airflow/dags/hello_airflow.py
[2026-03-06T06:04:39.947+0000] {processor.py:840} INFO - DAG(s) 'hello_airflow' retrieved from /opt/airflow/dags/hello_airflow.py
[2026-03-06T06:04:39.982+0000] {logging_mixin.py:188} INFO - [2026-03-06T06:04:39.982+0000] {dag.py:3089} INFO - Sync 1 DAGs
[2026-03-06T06:04:39.992+0000] {logging_mixin.py:188} INFO - [2026-03-06T06:04:39.991+0000] {dag.py:3947} INFO - Setting next_dagrun for hello_airflow to None, run_after=None
[2026-03-06T06:04:40.005+0000] {processor.py:183} INFO - Processing /opt/airflow/dags/hello_airflow.py took 0.078 seconds
[2026-03-06T06:05:10.217+0000] {processor.py:161} INFO - Started process (PID=323) to work on /opt/airflow/dags/hello_airflow.py
[2026-03-06T06:05:10.218+0000] {processor.py:830} INFO - Processing file /opt/airflow/dags/hello_airflow.py for tasks to queue
[2026-03-06T06:05:10.220+0000] {logging_mixin.py:188} INFO - [2026-03-06T06:05:10.219+0000] {dagbag.py:545} INFO - Filling up the DagBag from /opt/airflow/dags/hello_airflow.py
[2026-03-06T06:05:10.226+0000] {processor.py:840} INFO - DAG(s) 'hello_airflow' retrieved from /opt/airflow/dags/hello_airflow.py
[2026-03-06T06:05:10.246+0000] {logging_mixin.py:188} INFO - [2026-03-06T06:05:10.246+0000] {dag.py:3089} INFO - Sync 1 DAGs
[2026-03-06T06:05:10.252+0000] {logging_mixin.py:188} INFO - [2026-03-06T06:05:10.252+0000] {dag.py:3947} INFO - Setting next_dagrun for hello_airflow to None, run_after=None
[2026-03-06T06:05:10.261+0000] {processor.py:183} INFO - Processing /opt/airflow/dags/hello_airflow.py took 0.051 seconds
[2026-03-06T06:05:40.496+0000] {processor.py:161} INFO - Started process (PID=328) to work on /opt/airflow/dags/hello_airflow.py
[2026-03-06T06:05:40.497+0000] {processor.py:830} INFO - Processing file /opt/airflow/dags/hello_airflow.py for tasks to queue
[2026-03-06T06:05:40.506+0000] {logging_mixin.py:188} INFO - [2026-03-06T06:05:40.502+0000] {dagbag.py:545} INFO - Filling up the DagBag from /opt/airflow/dags/hello_airflow.py
[2026-03-06T06:05:40.522+0000] {processor.py:840} INFO - DAG(s) 'hello_airflow' retrieved from /opt/airflow/dags/hello_airflow.py
[2026-03-06T06:05:40.551+0000] {logging_mixin.py:188} INFO - [2026-03-06T06:05:40.551+0000] {dag.py:3089} INFO - Sync 1 DAGs
[2026-03-06T06:05:40.561+0000] {logging_mixin.py:188} INFO - [2026-03-06T06:05:40.560+0000] {dag.py:3947} INFO - Setting next_dagrun for hello_airflow to None, run_after=None
[2026-03-06T06:05:40.571+0000] {processor.py:183} INFO - Processing /opt/airflow/dags/hello_airflow.py took 0.085 seconds
[2026-03-06T06:06:10.785+0000] {processor.py:161} INFO - Started process (PID=333) to work on /opt/airflow/dags/hello_airflow.py
[2026-03-06T06:06:10.786+0000] {processor.py:830} INFO - Processing file /opt/airflow/dags/hello_airflow.py for tasks to queue
[2026-03-06T06:06:10.788+0000] {logging_mixin.py:188} INFO - [2026-03-06T06:06:10.787+0000] {dagbag.py:545} INFO - Filling up the DagBag from /opt/airflow/dags/hello_airflow.py
[2026-03-06T06:06:10.798+0000] {processor.py:840} INFO - DAG(s) 'hello_airflow' retrieved from /opt/airflow/dags/hello_airflow.py
[2026-03-06T06:06:10.829+0000] {logging_mixin.py:188} INFO - [2026-03-06T06:06:10.828+0000] {dag.py:3089} INFO - Sync 1 DAGs
[2026-03-06T06:06:10.848+0000] {logging_mixin.py:188} INFO - [2026-03-06T06:06:10.848+0000] {dag.py:3947} INFO - Setting next_dagrun for hello_airflow to None, run_after=None
[2026-03-06T06:06:10.863+0000] {processor.py:183} INFO - Processing /opt/airflow/dags/hello_airflow.py took 0.086 seconds
[2026-03-06T06:06:41.144+0000] {processor.py:161} INFO - Started process (PID=338) to work on /opt/airflow/dags/hello_airflow.py
[2026-03-06T06:06:41.145+0000] {processor.py:830} INFO - Processing file /opt/airflow/dags/hello_airflow.py for tasks to queue
[2026-03-06T06:06:41.154+0000] {logging_mixin.py:188} INFO - [2026-03-06T06:06:41.153+0000] {dagbag.py:545} INFO - Filling up the DagBag from /opt/airflow/dags/hello_airflow.py
[2026-03-06T06:06:41.172+0000] {processor.py:840} INFO - DAG(s) 'hello_airflow' retrieved from /opt/airflow/dags/hello_airflow.py
[2026-03-06T06:06:41.209+0000] {logging_mixin.py:188} INFO - [2026-03-06T06:06:41.209+0000] {dag.py:3089} INFO - Sync 1 DAGs
[2026-03-06T06:06:41.227+0000] {logging_mixin.py:188} INFO - [2026-03-06T06:06:41.227+0000] {dag.py:3947} INFO - Setting next_dagrun for hello_airflow to None, run_after=None
[2026-03-06T06:06:41.245+0000] {processor.py:183} INFO - Processing /opt/airflow/dags/hello_airflow.py took 0.110 seconds
[2026-03-06T06:07:11.423+0000] {processor.py:161} INFO - Started process (PID=343) to work on /opt/airflow/dags/hello_airflow.py
[2026-03-06T06:07:11.424+0000] {processor.py:830} INFO - Processing file /opt/airflow/dags/hello_airflow.py for tasks to queue
[2026-03-06T06:07:11.425+0000] {logging_mixin.py:188} INFO - [2026-03-06T06:07:11.425+0000] {dagbag.py:545} INFO - Filling up the DagBag from /opt/airflow/dags/hello_airflow.py
[2026-03-06T06:07:11.432+0000] {processor.py:840} INFO - DAG(s) 'hello_airflow' retrieved from /opt/airflow/dags/hello_airflow.py
[2026-03-06T06:07:11.452+0000] {logging_mixin.py:188} INFO - [2026-03-06T06:07:11.452+0000] {dag.py:3089} INFO - Sync 1 DAGs
[2026-03-06T06:07:11.458+0000] {logging_mixin.py:188} INFO - [2026-03-06T06:07:11.458+0000] {dag.py:3947} INFO - Setting next_dagrun for hello_airflow to None, run_after=None
[2026-03-06T06:07:11.466+0000] {processor.py:183} INFO - Processing /opt/airflow/dags/hello_airflow.py took 0.048 seconds
[2026-03-06T06:07:41.734+0000] {processor.py:161} INFO - Started process (PID=348) to work on /opt/airflow/dags/hello_airflow.py
[2026-03-06T06:07:41.736+0000] {processor.py:830} INFO - Processing file /opt/airflow/dags/hello_airflow.py for tasks to queue
[2026-03-06T06:07:41.738+0000] {logging_mixin.py:188} INFO - [2026-03-06T06:07:41.738+0000] {dagbag.py:545} INFO - Filling up the DagBag from /opt/airflow/dags/hello_airflow.py
[2026-03-06T06:07:41.764+0000] {processor.py:840} INFO - DAG(s) 'hello_airflow' retrieved from /opt/airflow/dags/hello_airflow.py
[2026-03-06T06:07:41.812+0000] {logging_mixin.py:188} INFO - [2026-03-06T06:07:41.811+0000] {dag.py:3089} INFO - Sync 1 DAGs
[2026-03-06T06:07:41.824+0000] {logging_mixin.py:188} INFO - [2026-03-06T06:07:41.824+0000] {dag.py:3947} INFO - Setting next_dagrun for hello_airflow to None, run_after=None
[2026-03-06T06:07:41.837+0000] {processor.py:183} INFO - Processing /opt/airflow/dags/hello_airflow.py took 0.110 seconds
[2026-03-06T06:08:11.976+0000] {processor.py:161} INFO - Started process (PID=353) to work on /opt/airflow/dags/hello_airflow.py
[2026-03-06T06:08:11.977+0000] {processor.py:830} INFO - Processing file /opt/airflow/dags/hello_airflow.py for tasks to queue
[2026-03-06T06:08:11.977+0000] {logging_mixin.py:188} INFO - [2026-03-06T06:08:11.977+0000] {dagbag.py:545} INFO - Filling up the DagBag from /opt/airflow/dags/hello_airflow.py
[2026-03-06T06:08:11.982+0000] {processor.py:840} INFO - DAG(s) 'hello_airflow' retrieved from /opt/airflow/dags/hello_airflow.py
[2026-03-06T06:08:12.001+0000] {logging_mixin.py:188} INFO - [2026-03-06T06:08:12.001+0000] {dag.py:3089} INFO - Sync 1 DAGs
[2026-03-06T06:08:12.007+0000] {logging_mixin.py:188} INFO - [2026-03-06T06:08:12.007+0000] {dag.py:3947} INFO - Setting next_dagrun for hello_airflow to None, run_after=None
[2026-03-06T06:08:12.017+0000] {processor.py:183} INFO - Processing /opt/airflow/dags/hello_airflow.py took 0.044 seconds
[2026-03-06T06:08:42.253+0000] {processor.py:161} INFO - Started process (PID=358) to work on /opt/airflow/dags/hello_airflow.py
[2026-03-06T06:08:42.261+0000] {processor.py:830} INFO - Processing file /opt/airflow/dags/hello_airflow.py for tasks to queue
[2026-03-06T06:08:42.277+0000] {logging_mixin.py:188} INFO - [2026-03-06T06:08:42.276+0000] {dagbag.py:545} INFO - Filling up the DagBag from /opt/airflow/dags/hello_airflow.py
[2026-03-06T06:08:42.289+0000] {processor.py:840} INFO - DAG(s) 'hello_airflow' retrieved from /opt/airflow/dags/hello_airflow.py
[2026-03-06T06:08:42.318+0000] {logging_mixin.py:188} INFO - [2026-03-06T06:08:42.318+0000] {dag.py:3089} INFO - Sync 1 DAGs
[2026-03-06T06:08:42.328+0000] {logging_mixin.py:188} INFO - [2026-03-06T06:08:42.328+0000] {dag.py:3947} INFO - Setting next_dagrun for hello_airflow to None, run_after=None
[2026-03-06T06:08:42.338+0000] {processor.py:183} INFO - Processing /opt/airflow/dags/hello_airflow.py took 0.092 seconds
[2026-03-06T06:09:12.541+0000] {processor.py:161} INFO - Started process (PID=363) to work on /opt/airflow/dags/hello_airflow.py
[2026-03-06T06:09:12.542+0000] {processor.py:830} INFO - Processing file /opt/airflow/dags/hello_airflow.py for tasks to queue
[2026-03-06T06:09:12.545+0000] {logging_mixin.py:188} INFO - [2026-03-06T06:09:12.544+0000] {dagbag.py:545} INFO - Filling up the DagBag from /opt/airflow/dags/hello_airflow.py
[2026-03-06T06:09:12.557+0000] {processor.py:840} INFO - DAG(s) 'hello_airflow' retrieved from /opt/airflow/dags/hello_airflow.py
[2026-03-06T06:09:12.586+0000] {logging_mixin.py:188} INFO - [2026-03-06T06:09:12.586+0000] {dag.py:3089} INFO - Sync 1 DAGs
[2026-03-06T06:09:12.595+0000] {logging_mixin.py:188} INFO - [2026-03-06T06:09:12.595+0000] {dag.py:3947} INFO - Setting next_dagrun for hello_airflow to None, run_after=None
[2026-03-06T06:09:12.611+0000] {processor.py:183} INFO - Processing /opt/airflow/dags/hello_airflow.py took 0.077 seconds
[2026-03-06T06:09:42.919+0000] {processor.py:161} INFO - Started process (PID=368) to work on /opt/airflow/dags/hello_airflow.py
[2026-03-06T06:09:42.920+0000] {processor.py:830} INFO - Processing file /opt/airflow/dags/hello_airflow.py for tasks to queue
[2026-03-06T06:09:42.924+0000] {logging_mixin.py:188} INFO - [2026-03-06T06:09:42.924+0000] {dagbag.py:545} INFO - Filling up the DagBag from /opt/airflow/dags/hello_airflow.py
[2026-03-06T06:09:42.937+0000] {processor.py:840} INFO - DAG(s) 'hello_airflow' retrieved from /opt/airflow/dags/hello_airflow.py
[2026-03-06T06:09:42.967+0000] {logging_mixin.py:188} INFO - [2026-03-06T06:09:42.966+0000] {dag.py:3089} INFO - Sync 1 DAGs
[2026-03-06T06:09:42.976+0000] {logging_mixin.py:188} INFO - [2026-03-06T06:09:42.976+0000] {dag.py:3947} INFO - Setting next_dagrun for hello_airflow to None, run_after=None
[2026-03-06T06:09:42.987+0000] {processor.py:183} INFO - Processing /opt/airflow/dags/hello_airflow.py took 0.091 seconds
[2026-03-06T06:10:13.190+0000] {processor.py:161} INFO - Started process (PID=373) to work on /opt/airflow/dags/hello_airflow.py
[2026-03-06T06:10:13.190+0000] {processor.py:830} INFO - Processing file /opt/airflow/dags/hello_airflow.py for tasks to queue
[2026-03-06T06:10:13.193+0000] {logging_mixin.py:188} INFO - [2026-03-06T06:10:13.192+0000] {dagbag.py:545} INFO - Filling up the DagBag from /opt/airflow/dags/hello_airflow.py
[2026-03-06T06:10:13.203+0000] {processor.py:840} INFO - DAG(s) 'hello_airflow' retrieved from /opt/airflow/dags/hello_airflow.py
[2026-03-06T06:10:13.245+0000] {logging_mixin.py:188} INFO - [2026-03-06T06:10:13.245+0000] {dag.py:3089} INFO - Sync 1 DAGs
[2026-03-06T06:10:13.257+0000] {logging_mixin.py:188} INFO - [2026-03-06T06:10:13.257+0000] {dag.py:3947} INFO - Setting next_dagrun for hello_airflow to None, run_after=None
[2026-03-06T06:10:13.268+0000] {processor.py:183} INFO - Processing /opt/airflow/dags/hello_airflow.py took 0.085 seconds
[2026-03-06T06:10:43.536+0000] {processor.py:161} INFO - Started process (PID=378) to work on /opt/airflow/dags/hello_airflow.py
[2026-03-06T06:10:43.537+0000] {processor.py:830} INFO - Processing file /opt/airflow/dags/hello_airflow.py for tasks to queue
[2026-03-06T06:10:43.539+0000] {logging_mixin.py:188} INFO - [2026-03-06T06:10:43.538+0000] {dagbag.py:545} INFO - Filling up the DagBag from /opt/airflow/dags/hello_airflow.py
[2026-03-06T06:10:43.548+0000] {processor.py:840} INFO - DAG(s) 'hello_airflow' retrieved from /opt/airflow/dags/hello_airflow.py
[2026-03-06T06:10:43.576+0000] {logging_mixin.py:188} INFO - [2026-03-06T06:10:43.576+0000] {dag.py:3089} INFO - Sync 1 DAGs
[2026-03-06T06:10:43.586+0000] {logging_mixin.py:188} INFO - [2026-03-06T06:10:43.585+0000] {dag.py:3947} INFO - Setting next_dagrun for hello_airflow to None, run_after=None
[2026-03-06T06:10:43.597+0000] {processor.py:183} INFO - Processing /opt/airflow/dags/hello_airflow.py took 0.067 seconds
[2026-03-06T06:11:13.802+0000] {processor.py:161} INFO - Started process (PID=383) to work on /opt/airflow/dags/hello_airflow.py
[2026-03-06T06:11:13.803+0000] {processor.py:830} INFO - Processing file /opt/airflow/dags/hello_airflow.py for tasks to queue
[2026-03-06T06:11:13.805+0000] {logging_mixin.py:188} INFO - [2026-03-06T06:11:13.805+0000] {dagbag.py:545} INFO - Filling up the DagBag from /opt/airflow/dags/hello_airflow.py
[2026-03-06T06:11:13.823+0000] {processor.py:840} INFO - DAG(s) 'hello_airflow' retrieved from /opt/airflow/dags/hello_airflow.py
[2026-03-06T06:11:13.860+0000] {logging_mixin.py:188} INFO - [2026-03-06T06:11:13.860+0000] {dag.py:3089} INFO - Sync 1 DAGs
[2026-03-06T06:11:13.870+0000] {logging_mixin.py:188} INFO - [2026-03-06T06:11:13.870+0000] {dag.py:3947} INFO - Setting next_dagrun for hello_airflow to None, run_after=None
[2026-03-06T06:11:13.884+0000] {processor.py:183} INFO - Processing /opt/airflow/dags/hello_airflow.py took 0.096 seconds
[2026-03-06T06:11:44.127+0000] {processor.py:161} INFO - Started process (PID=388) to work on /opt/airflow/dags/hello_airflow.py
[2026-03-06T06:11:44.128+0000] {processor.py:830} INFO - Processing file /opt/airflow/dags/hello_airflow.py for tasks to queue
[2026-03-06T06:11:44.131+0000] {logging_mixin.py:188} INFO - [2026-03-06T06:11:44.130+0000] {dagbag.py:545} INFO - Filling up the DagBag from /opt/airflow/dags/hello_airflow.py
[2026-03-06T06:11:44.143+0000] {processor.py:840} INFO - DAG(s) 'hello_airflow' retrieved from /opt/airflow/dags/hello_airflow.py
[2026-03-06T06:11:44.175+0000] {logging_mixin.py:188} INFO - [2026-03-06T06:11:44.175+0000] {dag.py:3089} INFO - Sync 1 DAGs
[2026-03-06T06:11:44.185+0000] {logging_mixin.py:188} INFO - [2026-03-06T06:11:44.184+0000] {dag.py:3947} INFO - Setting next_dagrun for hello_airflow to None, run_after=None
[2026-03-06T06:11:44.196+0000] {processor.py:183} INFO - Processing /opt/airflow/dags/hello_airflow.py took 0.076 seconds
[2026-03-06T06:12:14.377+0000] {processor.py:161} INFO - Started process (PID=393) to work on /opt/airflow/dags/hello_airflow.py
[2026-03-06T06:12:14.378+0000] {processor.py:830} INFO - Processing file /opt/airflow/dags/hello_airflow.py for tasks to queue
[2026-03-06T06:12:14.379+0000] {logging_mixin.py:188} INFO - [2026-03-06T06:12:14.379+0000] {dagbag.py:545} INFO - Filling up the DagBag from /opt/airflow/dags/hello_airflow.py
[2026-03-06T06:12:14.385+0000] {processor.py:840} INFO - DAG(s) 'hello_airflow' retrieved from /opt/airflow/dags/hello_airflow.py
[2026-03-06T06:12:14.413+0000] {logging_mixin.py:188} INFO - [2026-03-06T06:12:14.413+0000] {dag.py:3089} INFO - Sync 1 DAGs
[2026-03-06T06:12:14.425+0000] {logging_mixin.py:188} INFO - [2026-03-06T06:12:14.425+0000] {dag.py:3947} INFO - Setting next_dagrun for hello_airflow to None, run_after=None
[2026-03-06T06:12:14.436+0000] {processor.py:183} INFO - Processing /opt/airflow/dags/hello_airflow.py took 0.064 seconds
[2026-03-06T06:12:44.707+0000] {processor.py:161} INFO - Started process (PID=398) to work on /opt/airflow/dags/hello_airflow.py
[2026-03-06T06:12:44.709+0000] {processor.py:830} INFO - Processing file /opt/airflow/dags/hello_airflow.py for tasks to queue
[2026-03-06T06:12:44.712+0000] {logging_mixin.py:188} INFO - [2026-03-06T06:12:44.712+0000] {dagbag.py:545} INFO - Filling up the DagBag from /opt/airflow/dags/hello_airflow.py
[2026-03-06T06:12:44.727+0000] {processor.py:840} INFO - DAG(s) 'hello_airflow' retrieved from /opt/airflow/dags/hello_airflow.py
[2026-03-06T06:12:44.762+0000] {logging_mixin.py:188} INFO - [2026-03-06T06:12:44.762+0000] {dag.py:3089} INFO - Sync 1 DAGs
[2026-03-06T06:12:44.785+0000] {logging_mixin.py:188} INFO - [2026-03-06T06:12:44.784+0000] {dag.py:3947} INFO - Setting next_dagrun for hello_airflow to None, run_after=None
[2026-03-06T06:12:44.797+0000] {processor.py:183} INFO - Processing /opt/airflow/dags/hello_airflow.py took 0.114 seconds
[2026-03-06T06:13:14.991+0000] {processor.py:161} INFO - Started process (PID=403) to work on /opt/airflow/dags/hello_airflow.py
[2026-03-06T06:13:14.993+0000] {processor.py:830} INFO - Processing file /opt/airflow/dags/hello_airflow.py for tasks to queue
[2026-03-06T06:13:14.994+0000] {logging_mixin.py:188} INFO - [2026-03-06T06:13:14.994+0000] {dagbag.py:545} INFO - Filling up the DagBag from /opt/airflow/dags/hello_airflow.py
[2026-03-06T06:13:15.003+0000] {processor.py:840} INFO - DAG(s) 'hello_airflow' retrieved from /opt/airflow/dags/hello_airflow.py
[2026-03-06T06:13:15.029+0000] {logging_mixin.py:188} INFO - [2026-03-06T06:13:15.029+0000] {dag.py:3089} INFO - Sync 1 DAGs
[2026-03-06T06:13:15.040+0000] {logging_mixin.py:188} INFO - [2026-03-06T06:13:15.040+0000] {dag.py:3947} INFO - Setting next_dagrun for hello_airflow to None, run_after=None
[2026-03-06T06:13:15.051+0000] {processor.py:183} INFO - Processing /opt/airflow/dags/hello_airflow.py took 0.066 seconds
[2026-03-06T06:13:45.426+0000] {processor.py:161} INFO - Started process (PID=408) to work on /opt/airflow/dags/hello_airflow.py
[2026-03-06T06:13:45.427+0000] {processor.py:830} INFO - Processing file /opt/airflow/dags/hello_airflow.py for tasks to queue
[2026-03-06T06:13:45.430+0000] {logging_mixin.py:188} INFO - [2026-03-06T06:13:45.429+0000] {dagbag.py:545} INFO - Filling up the DagBag from /opt/airflow/dags/hello_airflow.py
[2026-03-06T06:13:45.443+0000] {processor.py:840} INFO - DAG(s) 'hello_airflow' retrieved from /opt/airflow/dags/hello_airflow.py
[2026-03-06T06:13:45.475+0000] {logging_mixin.py:188} INFO - [2026-03-06T06:13:45.475+0000] {dag.py:3089} INFO - Sync 1 DAGs
[2026-03-06T06:13:45.488+0000] {logging_mixin.py:188} INFO - [2026-03-06T06:13:45.488+0000] {dag.py:3947} INFO - Setting next_dagrun for hello_airflow to None, run_after=None
[2026-03-06T06:13:45.497+0000] {processor.py:183} INFO - Processing /opt/airflow/dags/hello_airflow.py took 0.096 seconds
[2026-03-06T06:31:14.614+0000] {processor.py:161} INFO - Started process (PID=413) to work on /opt/airflow/dags/hello_airflow.py
[2026-03-06T06:31:14.615+0000] {processor.py:830} INFO - Processing file /opt/airflow/dags/hello_airflow.py for tasks to queue
[2026-03-06T06:31:14.618+0000] {logging_mixin.py:188} INFO - [2026-03-06T06:31:14.618+0000] {dagbag.py:545} INFO - Filling up the DagBag from /opt/airflow/dags/hello_airflow.py
[2026-03-06T06:31:14.631+0000] {processor.py:840} INFO - DAG(s) 'hello_airflow' retrieved from /opt/airflow/dags/hello_airflow.py
[2026-03-06T06:31:14.666+0000] {logging_mixin.py:188} INFO - [2026-03-06T06:31:14.665+0000] {dag.py:3089} INFO - Sync 1 DAGs
[2026-03-06T06:31:14.676+0000] {logging_mixin.py:188} INFO - [2026-03-06T06:31:14.675+0000] {dag.py:3947} INFO - Setting next_dagrun for hello_airflow to None, run_after=None
[2026-03-06T06:31:14.687+0000] {processor.py:183} INFO - Processing /opt/airflow/dags/hello_airflow.py took 0.088 seconds
[2026-03-06T06:31:45.020+0000] {processor.py:161} INFO - Started process (PID=418) to work on /opt/airflow/dags/hello_airflow.py
[2026-03-06T06:31:45.022+0000] {processor.py:830} INFO - Processing file /opt/airflow/dags/hello_airflow.py for tasks to queue
[2026-03-06T06:31:45.025+0000] {logging_mixin.py:188} INFO - [2026-03-06T06:31:45.025+0000] {dagbag.py:545} INFO - Filling up the DagBag from /opt/airflow/dags/hello_airflow.py
[2026-03-06T06:31:45.040+0000] {processor.py:840} INFO - DAG(s) 'hello_airflow' retrieved from /opt/airflow/dags/hello_airflow.py
[2026-03-06T06:31:45.110+0000] {logging_mixin.py:188} INFO - [2026-03-06T06:31:45.109+0000] {dag.py:3089} INFO - Sync 1 DAGs
[2026-03-06T06:31:45.121+0000] {logging_mixin.py:188} INFO - [2026-03-06T06:31:45.121+0000] {dag.py:3947} INFO - Setting next_dagrun for hello_airflow to None, run_after=None
[2026-03-06T06:31:45.132+0000] {processor.py:183} INFO - Processing /opt/airflow/dags/hello_airflow.py took 0.121 seconds
[2026-03-06T06:55:44.424+0000] {processor.py:161} INFO - Started process (PID=423) to work on /opt/airflow/dags/hello_airflow.py
[2026-03-06T06:55:44.426+0000] {processor.py:830} INFO - Processing file /opt/airflow/dags/hello_airflow.py for tasks to queue
[2026-03-06T06:55:44.429+0000] {logging_mixin.py:188} INFO - [2026-03-06T06:55:44.428+0000] {dagbag.py:545} INFO - Filling up the DagBag from /opt/airflow/dags/hello_airflow.py
[2026-03-06T06:55:44.440+0000] {processor.py:840} INFO - DAG(s) 'hello_airflow' retrieved from /opt/airflow/dags/hello_airflow.py
[2026-03-06T06:55:44.480+0000] {logging_mixin.py:188} INFO - [2026-03-06T06:55:44.480+0000] {dag.py:3089} INFO - Sync 1 DAGs
[2026-03-06T06:55:44.489+0000] {logging_mixin.py:188} INFO - [2026-03-06T06:55:44.489+0000] {dag.py:3947} INFO - Setting next_dagrun for hello_airflow to None, run_after=None
[2026-03-06T06:55:44.499+0000] {processor.py:183} INFO - Processing /opt/airflow/dags/hello_airflow.py took 0.084 seconds
[2026-03-06T06:56:14.829+0000] {processor.py:161} INFO - Started process (PID=428) to work on /opt/airflow/dags/hello_airflow.py
[2026-03-06T06:56:14.836+0000] {processor.py:830} INFO - Processing file /opt/airflow/dags/hello_airflow.py for tasks to queue
[2026-03-06T06:56:14.853+0000] {logging_mixin.py:188} INFO - [2026-03-06T06:56:14.852+0000] {dagbag.py:545} INFO - Filling up the DagBag from /opt/airflow/dags/hello_airflow.py
[2026-03-06T06:56:14.868+0000] {processor.py:840} INFO - DAG(s) 'hello_airflow' retrieved from /opt/airflow/dags/hello_airflow.py
[2026-03-06T06:56:14.903+0000] {logging_mixin.py:188} INFO - [2026-03-06T06:56:14.903+0000] {dag.py:3089} INFO - Sync 1 DAGs
[2026-03-06T06:56:14.912+0000] {logging_mixin.py:188} INFO - [2026-03-06T06:56:14.911+0000] {dag.py:3947} INFO - Setting next_dagrun for hello_airflow to None, run_after=None
[2026-03-06T06:56:14.921+0000] {processor.py:183} INFO - Processing /opt/airflow/dags/hello_airflow.py took 0.114 seconds
[2026-03-06T06:56:45.237+0000] {processor.py:161} INFO - Started process (PID=433) to work on /opt/airflow/dags/hello_airflow.py
[2026-03-06T06:56:45.237+0000] {processor.py:830} INFO - Processing file /opt/airflow/dags/hello_airflow.py for tasks to queue
[2026-03-06T06:56:45.239+0000] {logging_mixin.py:188} INFO - [2026-03-06T06:56:45.239+0000] {dagbag.py:545} INFO - Filling up the DagBag from /opt/airflow/dags/hello_airflow.py
[2026-03-06T06:56:45.249+0000] {processor.py:840} INFO - DAG(s) 'hello_airflow' retrieved from /opt/airflow/dags/hello_airflow.py
[2026-03-06T06:56:45.273+0000] {logging_mixin.py:188} INFO - [2026-03-06T06:56:45.273+0000] {dag.py:3089} INFO - Sync 1 DAGs
[2026-03-06T06:56:45.281+0000] {logging_mixin.py:188} INFO - [2026-03-06T06:56:45.281+0000] {dag.py:3947} INFO - Setting next_dagrun for hello_airflow to None, run_after=None
[2026-03-06T06:56:45.290+0000] {processor.py:183} INFO - Processing /opt/airflow/dags/hello_airflow.py took 0.061 seconds
[2026-03-06T06:59:26.651+0000] {processor.py:161} INFO - Started process (PID=438) to work on /opt/airflow/dags/hello_airflow.py
[2026-03-06T06:59:26.653+0000] {processor.py:830} INFO - Processing file /opt/airflow/dags/hello_airflow.py for tasks to queue
[2026-03-06T06:59:26.656+0000] {logging_mixin.py:188} INFO - [2026-03-06T06:59:26.656+0000] {dagbag.py:545} INFO - Filling up the DagBag from /opt/airflow/dags/hello_airflow.py
[2026-03-06T06:59:26.668+0000] {processor.py:840} INFO - DAG(s) 'hello_airflow' retrieved from /opt/airflow/dags/hello_airflow.py
[2026-03-06T06:59:26.704+0000] {logging_mixin.py:188} INFO - [2026-03-06T06:59:26.703+0000] {dag.py:3089} INFO - Sync 1 DAGs
[2026-03-06T06:59:26.713+0000] {logging_mixin.py:188} INFO - [2026-03-06T06:59:26.713+0000] {dag.py:3947} INFO - Setting next_dagrun for hello_airflow to None, run_after=None
[2026-03-06T06:59:26.724+0000] {processor.py:183} INFO - Processing /opt/airflow/dags/hello_airflow.py took 0.082 seconds
[2026-03-06T06:59:57.024+0000] {processor.py:161} INFO - Started process (PID=443) to work on /opt/airflow/dags/hello_airflow.py
[2026-03-06T06:59:57.025+0000] {processor.py:830} INFO - Processing file /opt/airflow/dags/hello_airflow.py for tasks to queue
[2026-03-06T06:59:57.026+0000] {logging_mixin.py:188} INFO - [2026-03-06T06:59:57.026+0000] {dagbag.py:545} INFO - Filling up the DagBag from /opt/airflow/dags/hello_airflow.py
[2026-03-06T06:59:57.035+0000] {processor.py:840} INFO - DAG(s) 'hello_airflow' retrieved from /opt/airflow/dags/hello_airflow.py
[2026-03-06T06:59:57.061+0000] {logging_mixin.py:188} INFO - [2026-03-06T06:59:57.061+0000] {dag.py:3089} INFO - Sync 1 DAGs
[2026-03-06T06:59:57.069+0000] {logging_mixin.py:188} INFO - [2026-03-06T06:59:57.069+0000] {dag.py:3947} INFO - Setting next_dagrun for hello_airflow to None, run_after=None
[2026-03-06T06:59:57.078+0000] {processor.py:183} INFO - Processing /opt/airflow/dags/hello_airflow.py took 0.063 seconds
[2026-03-06T07:00:27.527+0000] {processor.py:161} INFO - Started process (PID=448) to work on /opt/airflow/dags/hello_airflow.py
[2026-03-06T07:00:27.528+0000] {processor.py:830} INFO - Processing file /opt/airflow/dags/hello_airflow.py for tasks to queue
[2026-03-06T07:00:27.532+0000] {logging_mixin.py:188} INFO - [2026-03-06T07:00:27.531+0000] {dagbag.py:545} INFO - Filling up the DagBag from /opt/airflow/dags/hello_airflow.py
[2026-03-06T07:00:27.547+0000] {processor.py:840} INFO - DAG(s) 'hello_airflow' retrieved from /opt/airflow/dags/hello_airflow.py
[2026-03-06T07:00:27.579+0000] {logging_mixin.py:188} INFO - [2026-03-06T07:00:27.579+0000] {dag.py:3089} INFO - Sync 1 DAGs
[2026-03-06T07:00:27.588+0000] {logging_mixin.py:188} INFO - [2026-03-06T07:00:27.588+0000] {dag.py:3947} INFO - Setting next_dagrun for hello_airflow to None, run_after=None
[2026-03-06T07:00:27.598+0000] {processor.py:183} INFO - Processing /opt/airflow/dags/hello_airflow.py took 0.096 seconds
[2026-03-06T07:18:14.118+0000] {processor.py:161} INFO - Started process (PID=453) to work on /opt/airflow/dags/hello_airflow.py
[2026-03-06T07:18:14.123+0000] {processor.py:830} INFO - Processing file /opt/airflow/dags/hello_airflow.py for tasks to queue
[2026-03-06T07:18:14.139+0000] {logging_mixin.py:188} INFO - [2026-03-06T07:18:14.135+0000] {dagbag.py:545} INFO - Filling up the DagBag from /opt/airflow/dags/hello_airflow.py
[2026-03-06T07:18:14.159+0000] {processor.py:840} INFO - DAG(s) 'hello_airflow' retrieved from /opt/airflow/dags/hello_airflow.py
[2026-03-06T07:18:14.188+0000] {logging_mixin.py:188} INFO - [2026-03-06T07:18:14.187+0000] {dag.py:3089} INFO - Sync 1 DAGs
[2026-03-06T07:18:14.196+0000] {logging_mixin.py:188} INFO - [2026-03-06T07:18:14.196+0000] {dag.py:3947} INFO - Setting next_dagrun for hello_airflow to None, run_after=None
[2026-03-06T07:18:14.206+0000] {processor.py:183} INFO - Processing /opt/airflow/dags/hello_airflow.py took 0.096 seconds
[2026-03-06T07:34:58.263+0000] {processor.py:161} INFO - Started process (PID=458) to work on /opt/airflow/dags/hello_airflow.py
[2026-03-06T07:34:58.264+0000] {processor.py:830} INFO - Processing file /opt/airflow/dags/hello_airflow.py for tasks to queue
[2026-03-06T07:34:58.266+0000] {logging_mixin.py:188} INFO - [2026-03-06T07:34:58.265+0000] {dagbag.py:545} INFO - Filling up the DagBag from /opt/airflow/dags/hello_airflow.py
[2026-03-06T07:34:58.275+0000] {processor.py:840} INFO - DAG(s) 'hello_airflow' retrieved from /opt/airflow/dags/hello_airflow.py
[2026-03-06T07:34:58.300+0000] {logging_mixin.py:188} INFO - [2026-03-06T07:34:58.300+0000] {dag.py:3089} INFO - Sync 1 DAGs
[2026-03-06T07:34:58.306+0000] {logging_mixin.py:188} INFO - [2026-03-06T07:34:58.306+0000] {dag.py:3947} INFO - Setting next_dagrun for hello_airflow to None, run_after=None
[2026-03-06T07:34:58.314+0000] {processor.py:183} INFO - Processing /opt/airflow/dags/hello_airflow.py took 0.061 seconds
[2026-03-06T08:29:54.329+0000] {processor.py:161} INFO - Started process (PID=463) to work on /opt/airflow/dags/hello_airflow.py
[2026-03-06T08:29:54.330+0000] {processor.py:830} INFO - Processing file /opt/airflow/dags/hello_airflow.py for tasks to queue
[2026-03-06T08:29:54.334+0000] {logging_mixin.py:188} INFO - [2026-03-06T08:29:54.333+0000] {dagbag.py:545} INFO - Filling up the DagBag from /opt/airflow/dags/hello_airflow.py
[2026-03-06T08:29:54.346+0000] {processor.py:840} INFO - DAG(s) 'hello_airflow' retrieved from /opt/airflow/dags/hello_airflow.py
[2026-03-06T08:29:54.382+0000] {logging_mixin.py:188} INFO - [2026-03-06T08:29:54.382+0000] {dag.py:3089} INFO - Sync 1 DAGs
[2026-03-06T08:29:54.393+0000] {logging_mixin.py:188} INFO - [2026-03-06T08:29:54.393+0000] {dag.py:3947} INFO - Setting next_dagrun for hello_airflow to None, run_after=None
[2026-03-06T08:29:54.403+0000] {processor.py:183} INFO - Processing /opt/airflow/dags/hello_airflow.py took 0.088 seconds
[2026-03-06T08:48:10.567+0000] {processor.py:161} INFO - Started process (PID=468) to work on /opt/airflow/dags/hello_airflow.py
[2026-03-06T08:48:10.568+0000] {processor.py:830} INFO - Processing file /opt/airflow/dags/hello_airflow.py for tasks to queue
[2026-03-06T08:48:10.571+0000] {logging_mixin.py:188} INFO - [2026-03-06T08:48:10.570+0000] {dagbag.py:545} INFO - Filling up the DagBag from /opt/airflow/dags/hello_airflow.py
[2026-03-06T08:48:10.582+0000] {processor.py:840} INFO - DAG(s) 'hello_airflow' retrieved from /opt/airflow/dags/hello_airflow.py
[2026-03-06T08:48:10.616+0000] {logging_mixin.py:188} INFO - [2026-03-06T08:48:10.616+0000] {dag.py:3089} INFO - Sync 1 DAGs
[2026-03-06T08:48:10.625+0000] {logging_mixin.py:188} INFO - [2026-03-06T08:48:10.625+0000] {dag.py:3947} INFO - Setting next_dagrun for hello_airflow to None, run_after=None
[2026-03-06T08:48:10.635+0000] {processor.py:183} INFO - Processing /opt/airflow/dags/hello_airflow.py took 0.078 seconds
[2026-03-06T09:35:30.059+0000] {processor.py:161} INFO - Started process (PID=473) to work on /opt/airflow/dags/hello_airflow.py
[2026-03-06T09:35:30.060+0000] {processor.py:830} INFO - Processing file /opt/airflow/dags/hello_airflow.py for tasks to queue
[2026-03-06T09:35:30.067+0000] {logging_mixin.py:188} INFO - [2026-03-06T09:35:30.065+0000] {dagbag.py:545} INFO - Filling up the DagBag from /opt/airflow/dags/hello_airflow.py
[2026-03-06T09:35:30.087+0000] {processor.py:840} INFO - DAG(s) 'hello_airflow' retrieved from /opt/airflow/dags/hello_airflow.py
[2026-03-06T09:35:30.116+0000] {logging_mixin.py:188} INFO - [2026-03-06T09:35:30.115+0000] {dag.py:3089} INFO - Sync 1 DAGs
[2026-03-06T09:35:30.130+0000] {logging_mixin.py:188} INFO - [2026-03-06T09:35:30.130+0000] {dag.py:3947} INFO - Setting next_dagrun for hello_airflow to None, run_after=None
[2026-03-06T09:35:30.140+0000] {processor.py:183} INFO - Processing /opt/airflow/dags/hello_airflow.py took 0.090 seconds
[2026-03-06T09:36:00.436+0000] {processor.py:161} INFO - Started process (PID=478) to work on /opt/airflow/dags/hello_airflow.py
[2026-03-06T09:36:00.438+0000] {processor.py:830} INFO - Processing file /opt/airflow/dags/hello_airflow.py for tasks to queue
[2026-03-06T09:36:00.441+0000] {logging_mixin.py:188} INFO - [2026-03-06T09:36:00.440+0000] {dagbag.py:545} INFO - Filling up the DagBag from /opt/airflow/dags/hello_airflow.py
[2026-03-06T09:36:00.450+0000] {processor.py:840} INFO - DAG(s) 'hello_airflow' retrieved from /opt/airflow/dags/hello_airflow.py
[2026-03-06T09:36:00.478+0000] {logging_mixin.py:188} INFO - [2026-03-06T09:36:00.477+0000] {dag.py:3089} INFO - Sync 1 DAGs
[2026-03-06T09:36:00.485+0000] {logging_mixin.py:188} INFO - [2026-03-06T09:36:00.485+0000] {dag.py:3947} INFO - Setting next_dagrun for hello_airflow to None, run_after=None
[2026-03-06T09:36:00.494+0000] {processor.py:183} INFO - Processing /opt/airflow/dags/hello_airflow.py took 0.070 seconds
[2026-03-06T10:01:53.227+0000] {processor.py:161} INFO - Started process (PID=483) to work on /opt/airflow/dags/hello_airflow.py
[2026-03-06T10:01:53.229+0000] {processor.py:830} INFO - Processing file /opt/airflow/dags/hello_airflow.py for tasks to queue
[2026-03-06T10:01:53.239+0000] {logging_mixin.py:188} INFO - [2026-03-06T10:01:53.237+0000] {dagbag.py:545} INFO - Filling up the DagBag from /opt/airflow/dags/hello_airflow.py
[2026-03-06T10:01:53.254+0000] {processor.py:840} INFO - DAG(s) 'hello_airflow' retrieved from /opt/airflow/dags/hello_airflow.py
[2026-03-06T10:01:53.288+0000] {logging_mixin.py:188} INFO - [2026-03-06T10:01:53.287+0000] {dag.py:3089} INFO - Sync 1 DAGs
[2026-03-06T10:01:53.297+0000] {logging_mixin.py:188} INFO - [2026-03-06T10:01:53.297+0000] {dag.py:3947} INFO - Setting next_dagrun for hello_airflow to None, run_after=None
[2026-03-06T10:01:53.316+0000] {processor.py:183} INFO - Processing /opt/airflow/dags/hello_airflow.py took 0.107 seconds
[2026-03-06T10:51:41.794+0000] {processor.py:161} INFO - Started process (PID=488) to work on /opt/airflow/dags/hello_airflow.py
[2026-03-06T10:51:41.799+0000] {processor.py:830} INFO - Processing file /opt/airflow/dags/hello_airflow.py for tasks to queue
[2026-03-06T10:51:41.802+0000] {logging_mixin.py:188} INFO - [2026-03-06T10:51:41.801+0000] {dagbag.py:545} INFO - Filling up the DagBag from /opt/airflow/dags/hello_airflow.py
[2026-03-06T10:51:41.815+0000] {processor.py:840} INFO - DAG(s) 'hello_airflow' retrieved from /opt/airflow/dags/hello_airflow.py
[2026-03-06T10:51:41.842+0000] {logging_mixin.py:188} INFO - [2026-03-06T10:51:41.842+0000] {dag.py:3089} INFO - Sync 1 DAGs
[2026-03-06T10:51:41.851+0000] {logging_mixin.py:188} INFO - [2026-03-06T10:51:41.850+0000] {dag.py:3947} INFO - Setting next_dagrun for hello_airflow to None, run_after=None
[2026-03-06T10:51:41.860+0000] {processor.py:183} INFO - Processing /opt/airflow/dags/hello_airflow.py took 0.090 seconds
[2026-03-06T11:37:51.252+0000] {processor.py:161} INFO - Started process (PID=493) to work on /opt/airflow/dags/hello_airflow.py
[2026-03-06T11:37:51.254+0000] {processor.py:830} INFO - Processing file /opt/airflow/dags/hello_airflow.py for tasks to queue
[2026-03-06T11:37:51.256+0000] {logging_mixin.py:188} INFO - [2026-03-06T11:37:51.256+0000] {dagbag.py:545} INFO - Filling up the DagBag from /opt/airflow/dags/hello_airflow.py
[2026-03-06T11:37:51.268+0000] {processor.py:840} INFO - DAG(s) 'hello_airflow' retrieved from /opt/airflow/dags/hello_airflow.py
[2026-03-06T11:37:51.304+0000] {logging_mixin.py:188} INFO - [2026-03-06T11:37:51.304+0000] {dag.py:3089} INFO - Sync 1 DAGs
[2026-03-06T11:37:51.314+0000] {logging_mixin.py:188} INFO - [2026-03-06T11:37:51.314+0000] {dag.py:3947} INFO - Setting next_dagrun for hello_airflow to None, run_after=None
[2026-03-06T11:37:51.324+0000] {processor.py:183} INFO - Processing /opt/airflow/dags/hello_airflow.py took 0.078 seconds
[2026-03-06T11:55:25.636+0000] {processor.py:161} INFO - Started process (PID=498) to work on /opt/airflow/dags/hello_airflow.py
[2026-03-06T11:55:25.638+0000] {processor.py:830} INFO - Processing file /opt/airflow/dags/hello_airflow.py for tasks to queue
[2026-03-06T11:55:25.641+0000] {logging_mixin.py:188} INFO - [2026-03-06T11:55:25.640+0000] {dagbag.py:545} INFO - Filling up the DagBag from /opt/airflow/dags/hello_airflow.py
[2026-03-06T11:55:25.654+0000] {processor.py:840} INFO - DAG(s) 'hello_airflow' retrieved from /opt/airflow/dags/hello_airflow.py
[2026-03-06T11:55:25.681+0000] {logging_mixin.py:188} INFO - [2026-03-06T11:55:25.681+0000] {dag.py:3089} INFO - Sync 1 DAGs
[2026-03-06T11:55:25.690+0000] {logging_mixin.py:188} INFO - [2026-03-06T11:55:25.690+0000] {dag.py:3947} INFO - Setting next_dagrun for hello_airflow to None, run_after=None
[2026-03-06T11:55:25.700+0000] {processor.py:183} INFO - Processing /opt/airflow/dags/hello_airflow.py took 0.074 seconds
[2026-03-06T11:55:56.045+0000] {processor.py:161} INFO - Started process (PID=503) to work on /opt/airflow/dags/hello_airflow.py
[2026-03-06T11:55:56.046+0000] {processor.py:830} INFO - Processing file /opt/airflow/dags/hello_airflow.py for tasks to queue
[2026-03-06T11:55:56.047+0000] {logging_mixin.py:188} INFO - [2026-03-06T11:55:56.047+0000] {dagbag.py:545} INFO - Filling up the DagBag from /opt/airflow/dags/hello_airflow.py
[2026-03-06T11:55:56.056+0000] {processor.py:840} INFO - DAG(s) 'hello_airflow' retrieved from /opt/airflow/dags/hello_airflow.py
[2026-03-06T11:55:56.083+0000] {logging_mixin.py:188} INFO - [2026-03-06T11:55:56.083+0000] {dag.py:3089} INFO - Sync 1 DAGs
[2026-03-06T11:55:56.090+0000] {logging_mixin.py:188} INFO - [2026-03-06T11:55:56.090+0000] {dag.py:3947} INFO - Setting next_dagrun for hello_airflow to None, run_after=None
[2026-03-06T11:55:56.099+0000] {processor.py:183} INFO - Processing /opt/airflow/dags/hello_airflow.py took 0.063 seconds
[2026-03-06T11:56:26.452+0000] {processor.py:161} INFO - Started process (PID=508) to work on /opt/airflow/dags/hello_airflow.py
[2026-03-06T11:56:26.453+0000] {processor.py:830} INFO - Processing file /opt/airflow/dags/hello_airflow.py for tasks to queue
[2026-03-06T11:56:26.455+0000] {logging_mixin.py:188} INFO - [2026-03-06T11:56:26.455+0000] {dagbag.py:545} INFO - Filling up the DagBag from /opt/airflow/dags/hello_airflow.py
[2026-03-06T11:56:26.464+0000] {processor.py:840} INFO - DAG(s) 'hello_airflow' retrieved from /opt/airflow/dags/hello_airflow.py
[2026-03-06T11:56:26.491+0000] {logging_mixin.py:188} INFO - [2026-03-06T11:56:26.491+0000] {dag.py:3089} INFO - Sync 1 DAGs
[2026-03-06T11:56:26.499+0000] {logging_mixin.py:188} INFO - [2026-03-06T11:56:26.498+0000] {dag.py:3947} INFO - Setting next_dagrun for hello_airflow to None, run_after=None
[2026-03-06T11:56:26.508+0000] {processor.py:183} INFO - Processing /opt/airflow/dags/hello_airflow.py took 0.062 seconds
[2026-03-06T12:44:39.867+0000] {processor.py:161} INFO - Started process (PID=513) to work on /opt/airflow/dags/hello_airflow.py
[2026-03-06T12:44:39.868+0000] {processor.py:830} INFO - Processing file /opt/airflow/dags/hello_airflow.py for tasks to queue
[2026-03-06T12:44:39.871+0000] {logging_mixin.py:188} INFO - [2026-03-06T12:44:39.870+0000] {dagbag.py:545} INFO - Filling up the DagBag from /opt/airflow/dags/hello_airflow.py
[2026-03-06T12:44:39.884+0000] {processor.py:840} INFO - DAG(s) 'hello_airflow' retrieved from /opt/airflow/dags/hello_airflow.py
[2026-03-06T12:44:39.927+0000] {logging_mixin.py:188} INFO - [2026-03-06T12:44:39.927+0000] {dag.py:3089} INFO - Sync 1 DAGs
[2026-03-06T12:44:39.937+0000] {logging_mixin.py:188} INFO - [2026-03-06T12:44:39.936+0000] {dag.py:3947} INFO - Setting next_dagrun for hello_airflow to None, run_after=None
[2026-03-06T12:44:39.948+0000] {processor.py:183} INFO - Processing /opt/airflow/dags/hello_airflow.py took 0.090 seconds
[2026-03-06T13:00:41.611+0000] {processor.py:161} INFO - Started process (PID=518) to work on /opt/airflow/dags/hello_airflow.py
[2026-03-06T13:00:41.613+0000] {processor.py:830} INFO - Processing file /opt/airflow/dags/hello_airflow.py for tasks to queue
[2026-03-06T13:00:41.617+0000] {logging_mixin.py:188} INFO - [2026-03-06T13:00:41.616+0000] {dagbag.py:545} INFO - Filling up the DagBag from /opt/airflow/dags/hello_airflow.py
[2026-03-06T13:00:41.631+0000] {processor.py:840} INFO - DAG(s) 'hello_airflow' retrieved from /opt/airflow/dags/hello_airflow.py
[2026-03-06T13:00:41.665+0000] {logging_mixin.py:188} INFO - [2026-03-06T13:00:41.665+0000] {dag.py:3089} INFO - Sync 1 DAGs
[2026-03-06T13:00:41.676+0000] {logging_mixin.py:188} INFO - [2026-03-06T13:00:41.676+0000] {dag.py:3947} INFO - Setting next_dagrun for hello_airflow to None, run_after=None
[2026-03-06T13:00:41.688+0000] {processor.py:183} INFO - Processing /opt/airflow/dags/hello_airflow.py took 0.086 seconds
[2026-03-06T13:12:30.230+0000] {processor.py:161} INFO - Started process (PID=523) to work on /opt/airflow/dags/hello_airflow.py
[2026-03-06T13:12:30.232+0000] {processor.py:830} INFO - Processing file /opt/airflow/dags/hello_airflow.py for tasks to queue
[2026-03-06T13:12:30.236+0000] {logging_mixin.py:188} INFO - [2026-03-06T13:12:30.235+0000] {dagbag.py:545} INFO - Filling up the DagBag from /opt/airflow/dags/hello_airflow.py
[2026-03-06T13:12:30.249+0000] {processor.py:840} INFO - DAG(s) 'hello_airflow' retrieved from /opt/airflow/dags/hello_airflow.py
[2026-03-06T13:12:30.276+0000] {logging_mixin.py:188} INFO - [2026-03-06T13:12:30.276+0000] {dag.py:3089} INFO - Sync 1 DAGs
[2026-03-06T13:12:30.284+0000] {logging_mixin.py:188} INFO - [2026-03-06T13:12:30.284+0000] {dag.py:3947} INFO - Setting next_dagrun for hello_airflow to None, run_after=None
[2026-03-06T13:12:30.294+0000] {processor.py:183} INFO - Processing /opt/airflow/dags/hello_airflow.py took 0.074 seconds
[2026-03-06T14:04:12.054+0000] {processor.py:161} INFO - Started process (PID=528) to work on /opt/airflow/dags/hello_airflow.py
[2026-03-06T14:04:12.057+0000] {processor.py:830} INFO - Processing file /opt/airflow/dags/hello_airflow.py for tasks to queue
[2026-03-06T14:04:12.065+0000] {logging_mixin.py:188} INFO - [2026-03-06T14:04:12.064+0000] {dagbag.py:545} INFO - Filling up the DagBag from /opt/airflow/dags/hello_airflow.py
[2026-03-06T14:04:12.081+0000] {processor.py:840} INFO - DAG(s) 'hello_airflow' retrieved from /opt/airflow/dags/hello_airflow.py
[2026-03-06T14:04:12.111+0000] {logging_mixin.py:188} INFO - [2026-03-06T14:04:12.111+0000] {dag.py:3089} INFO - Sync 1 DAGs
[2026-03-06T14:04:12.121+0000] {logging_mixin.py:188} INFO - [2026-03-06T14:04:12.121+0000] {dag.py:3947} INFO - Setting next_dagrun for hello_airflow to None, run_after=None
[2026-03-06T14:04:12.131+0000] {processor.py:183} INFO - Processing /opt/airflow/dags/hello_airflow.py took 0.099 seconds
[2026-03-06T14:05:51.259+0000] {processor.py:161} INFO - Started process (PID=533) to work on /opt/airflow/dags/hello_airflow.py
[2026-03-06T14:05:51.262+0000] {processor.py:830} INFO - Processing file /opt/airflow/dags/hello_airflow.py for tasks to queue
[2026-03-06T14:05:51.265+0000] {logging_mixin.py:188} INFO - [2026-03-06T14:05:51.265+0000] {dagbag.py:545} INFO - Filling up the DagBag from /opt/airflow/dags/hello_airflow.py
[2026-03-06T14:05:51.279+0000] {processor.py:840} INFO - DAG(s) 'hello_airflow' retrieved from /opt/airflow/dags/hello_airflow.py
[2026-03-06T14:05:51.331+0000] {logging_mixin.py:188} INFO - [2026-03-06T14:05:51.330+0000] {dag.py:3089} INFO - Sync 1 DAGs
[2026-03-06T14:05:51.342+0000] {logging_mixin.py:188} INFO - [2026-03-06T14:05:51.342+0000] {dag.py:3947} INFO - Setting next_dagrun for hello_airflow to None, run_after=None
[2026-03-06T14:05:51.353+0000] {processor.py:183} INFO - Processing /opt/airflow/dags/hello_airflow.py took 0.104 seconds
[2026-03-06T15:06:58.367+0000] {processor.py:161} INFO - Started process (PID=538) to work on /opt/airflow/dags/hello_airflow.py
[2026-03-06T15:06:58.369+0000] {processor.py:830} INFO - Processing file /opt/airflow/dags/hello_airflow.py for tasks to queue
[2026-03-06T15:06:58.374+0000] {logging_mixin.py:188} INFO - [2026-03-06T15:06:58.373+0000] {dagbag.py:545} INFO - Filling up the DagBag from /opt/airflow/dags/hello_airflow.py
[2026-03-06T15:06:58.397+0000] {processor.py:840} INFO - DAG(s) 'hello_airflow' retrieved from /opt/airflow/dags/hello_airflow.py
[2026-03-06T15:06:58.421+0000] {logging_mixin.py:188} INFO - [2026-03-06T15:06:58.420+0000] {dag.py:3089} INFO - Sync 1 DAGs
[2026-03-06T15:06:58.429+0000] {logging_mixin.py:188} INFO - [2026-03-06T15:06:58.429+0000] {dag.py:3947} INFO - Setting next_dagrun for hello_airflow to None, run_after=None
[2026-03-06T15:06:58.439+0000] {processor.py:183} INFO - Processing /opt/airflow/dags/hello_airflow.py took 0.085 seconds
[2026-03-06T15:07:28.711+0000] {processor.py:161} INFO - Started process (PID=543) to work on /opt/airflow/dags/hello_airflow.py
[2026-03-06T15:07:28.712+0000] {processor.py:830} INFO - Processing file /opt/airflow/dags/hello_airflow.py for tasks to queue
[2026-03-06T15:07:28.715+0000] {logging_mixin.py:188} INFO - [2026-03-06T15:07:28.714+0000] {dagbag.py:545} INFO - Filling up the DagBag from /opt/airflow/dags/hello_airflow.py
[2026-03-06T15:07:28.726+0000] {processor.py:840} INFO - DAG(s) 'hello_airflow' retrieved from /opt/airflow/dags/hello_airflow.py
[2026-03-06T15:07:28.757+0000] {logging_mixin.py:188} INFO - [2026-03-06T15:07:28.756+0000] {dag.py:3089} INFO - Sync 1 DAGs
[2026-03-06T15:07:28.766+0000] {logging_mixin.py:188} INFO - [2026-03-06T15:07:28.766+0000] {dag.py:3947} INFO - Setting next_dagrun for hello_airflow to None, run_after=None
[2026-03-06T15:07:28.776+0000] {processor.py:183} INFO - Processing /opt/airflow/dags/hello_airflow.py took 0.073 seconds
[2026-03-06T15:07:59.043+0000] {processor.py:161} INFO - Started process (PID=548) to work on /opt/airflow/dags/hello_airflow.py
[2026-03-06T15:07:59.044+0000] {processor.py:830} INFO - Processing file /opt/airflow/dags/hello_airflow.py for tasks to queue
[2026-03-06T15:07:59.046+0000] {logging_mixin.py:188} INFO - [2026-03-06T15:07:59.045+0000] {dagbag.py:545} INFO - Filling up the DagBag from /opt/airflow/dags/hello_airflow.py
[2026-03-06T15:07:59.055+0000] {processor.py:840} INFO - DAG(s) 'hello_airflow' retrieved from /opt/airflow/dags/hello_airflow.py
[2026-03-06T15:07:59.081+0000] {logging_mixin.py:188} INFO - [2026-03-06T15:07:59.081+0000] {dag.py:3089} INFO - Sync 1 DAGs
[2026-03-06T15:07:59.089+0000] {logging_mixin.py:188} INFO - [2026-03-06T15:07:59.089+0000] {dag.py:3947} INFO - Setting next_dagrun for hello_airflow to None, run_after=None
[2026-03-06T15:07:59.099+0000] {processor.py:183} INFO - Processing /opt/airflow/dags/hello_airflow.py took 0.064 seconds
[2026-03-06T15:42:33.922+0000] {processor.py:161} INFO - Started process (PID=553) to work on /opt/airflow/dags/hello_airflow.py
[2026-03-06T15:42:33.924+0000] {processor.py:830} INFO - Processing file /opt/airflow/dags/hello_airflow.py for tasks to queue
[2026-03-06T15:42:33.928+0000] {logging_mixin.py:188} INFO - [2026-03-06T15:42:33.927+0000] {dagbag.py:545} INFO - Filling up the DagBag from /opt/airflow/dags/hello_airflow.py
[2026-03-06T15:42:33.948+0000] {processor.py:840} INFO - DAG(s) 'hello_airflow' retrieved from /opt/airflow/dags/hello_airflow.py
[2026-03-06T15:42:34.020+0000] {logging_mixin.py:188} INFO - [2026-03-06T15:42:34.019+0000] {dag.py:3089} INFO - Sync 1 DAGs
[2026-03-06T15:42:34.037+0000] {logging_mixin.py:188} INFO - [2026-03-06T15:42:34.036+0000] {dag.py:3947} INFO - Setting next_dagrun for hello_airflow to None, run_after=None
[2026-03-06T15:42:34.068+0000] {processor.py:183} INFO - Processing /opt/airflow/dags/hello_airflow.py took 0.156 seconds
[2026-03-06T16:03:55.735+0000] {processor.py:161} INFO - Started process (PID=558) to work on /opt/airflow/dags/hello_airflow.py
[2026-03-06T16:03:55.737+0000] {processor.py:830} INFO - Processing file /opt/airflow/dags/hello_airflow.py for tasks to queue
[2026-03-06T16:03:55.740+0000] {logging_mixin.py:188} INFO - [2026-03-06T16:03:55.739+0000] {dagbag.py:545} INFO - Filling up the DagBag from /opt/airflow/dags/hello_airflow.py
[2026-03-06T16:03:55.754+0000] {processor.py:840} INFO - DAG(s) 'hello_airflow' retrieved from /opt/airflow/dags/hello_airflow.py
[2026-03-06T16:03:55.787+0000] {logging_mixin.py:188} INFO - [2026-03-06T16:03:55.787+0000] {dag.py:3089} INFO - Sync 1 DAGs
[2026-03-06T16:03:55.799+0000] {logging_mixin.py:188} INFO - [2026-03-06T16:03:55.798+0000] {dag.py:3947} INFO - Setting next_dagrun for hello_airflow to None, run_after=None
[2026-03-06T16:03:55.811+0000] {processor.py:183} INFO - Processing /opt/airflow/dags/hello_airflow.py took 0.093 seconds
[2026-03-06T16:08:58.306+0000] {processor.py:161} INFO - Started process (PID=563) to work on /opt/airflow/dags/hello_airflow.py
[2026-03-06T16:08:58.307+0000] {processor.py:830} INFO - Processing file /opt/airflow/dags/hello_airflow.py for tasks to queue
[2026-03-06T16:08:58.310+0000] {logging_mixin.py:188} INFO - [2026-03-06T16:08:58.310+0000] {dagbag.py:545} INFO - Filling up the DagBag from /opt/airflow/dags/hello_airflow.py
[2026-03-06T16:08:58.321+0000] {processor.py:840} INFO - DAG(s) 'hello_airflow' retrieved from /opt/airflow/dags/hello_airflow.py
[2026-03-06T16:08:58.345+0000] {logging_mixin.py:188} INFO - [2026-03-06T16:08:58.344+0000] {dag.py:3089} INFO - Sync 1 DAGs
[2026-03-06T16:08:58.351+0000] {logging_mixin.py:188} INFO - [2026-03-06T16:08:58.351+0000] {dag.py:3947} INFO - Setting next_dagrun for hello_airflow to None, run_after=None
[2026-03-06T16:08:58.360+0000] {processor.py:183} INFO - Processing /opt/airflow/dags/hello_airflow.py took 0.061 seconds
[2026-03-06T16:18:51.729+0000] {processor.py:161} INFO - Started process (PID=568) to work on /opt/airflow/dags/hello_airflow.py
[2026-03-06T16:18:51.730+0000] {processor.py:830} INFO - Processing file /opt/airflow/dags/hello_airflow.py for tasks to queue
[2026-03-06T16:18:51.733+0000] {logging_mixin.py:188} INFO - [2026-03-06T16:18:51.732+0000] {dagbag.py:545} INFO - Filling up the DagBag from /opt/airflow/dags/hello_airflow.py
[2026-03-06T16:18:51.744+0000] {processor.py:840} INFO - DAG(s) 'hello_airflow' retrieved from /opt/airflow/dags/hello_airflow.py
[2026-03-06T16:18:51.768+0000] {logging_mixin.py:188} INFO - [2026-03-06T16:18:51.768+0000] {dag.py:3089} INFO - Sync 1 DAGs
[2026-03-06T16:18:51.776+0000] {logging_mixin.py:188} INFO - [2026-03-06T16:18:51.776+0000] {dag.py:3947} INFO - Setting next_dagrun for hello_airflow to None, run_after=None
[2026-03-06T16:18:51.786+0000] {processor.py:183} INFO - Processing /opt/airflow/dags/hello_airflow.py took 0.065 seconds
[2026-03-06T17:26:49.525+0000] {processor.py:161} INFO - Started process (PID=573) to work on /opt/airflow/dags/hello_airflow.py
[2026-03-06T17:26:49.526+0000] {processor.py:830} INFO - Processing file /opt/airflow/dags/hello_airflow.py for tasks to queue
[2026-03-06T17:26:49.528+0000] {logging_mixin.py:188} INFO - [2026-03-06T17:26:49.528+0000] {dagbag.py:545} INFO - Filling up the DagBag from /opt/airflow/dags/hello_airflow.py
[2026-03-06T17:26:49.537+0000] {processor.py:840} INFO - DAG(s) 'hello_airflow' retrieved from /opt/airflow/dags/hello_airflow.py
[2026-03-06T17:26:49.560+0000] {logging_mixin.py:188} INFO - [2026-03-06T17:26:49.560+0000] {dag.py:3089} INFO - Sync 1 DAGs
[2026-03-06T17:26:49.567+0000] {logging_mixin.py:188} INFO - [2026-03-06T17:26:49.567+0000] {dag.py:3947} INFO - Setting next_dagrun for hello_airflow to None, run_after=None
[2026-03-06T17:26:49.575+0000] {processor.py:183} INFO - Processing /opt/airflow/dags/hello_airflow.py took 0.058 seconds
[2026-03-06T17:36:30.936+0000] {processor.py:161} INFO - Started process (PID=578) to work on /opt/airflow/dags/hello_airflow.py
[2026-03-06T17:36:30.937+0000] {processor.py:830} INFO - Processing file /opt/airflow/dags/hello_airflow.py for tasks to queue
[2026-03-06T17:36:30.940+0000] {logging_mixin.py:188} INFO - [2026-03-06T17:36:30.939+0000] {dagbag.py:545} INFO - Filling up the DagBag from /opt/airflow/dags/hello_airflow.py
[2026-03-06T17:36:30.952+0000] {processor.py:840} INFO - DAG(s) 'hello_airflow' retrieved from /opt/airflow/dags/hello_airflow.py
[2026-03-06T17:36:30.980+0000] {logging_mixin.py:188} INFO - [2026-03-06T17:36:30.980+0000] {dag.py:3089} INFO - Sync 1 DAGs
[2026-03-06T17:36:30.988+0000] {logging_mixin.py:188} INFO - [2026-03-06T17:36:30.988+0000] {dag.py:3947} INFO - Setting next_dagrun for hello_airflow to None, run_after=None
[2026-03-06T17:36:30.998+0000] {processor.py:183} INFO - Processing /opt/airflow/dags/hello_airflow.py took 0.071 seconds
[2026-03-06T18:09:54.659+0000] {processor.py:161} INFO - Started process (PID=583) to work on /opt/airflow/dags/hello_airflow.py
[2026-03-06T18:09:54.660+0000] {processor.py:830} INFO - Processing file /opt/airflow/dags/hello_airflow.py for tasks to queue
[2026-03-06T18:09:54.661+0000] {logging_mixin.py:188} INFO - [2026-03-06T18:09:54.661+0000] {dagbag.py:545} INFO - Filling up the DagBag from /opt/airflow/dags/hello_airflow.py
[2026-03-06T18:09:54.669+0000] {processor.py:840} INFO - DAG(s) 'hello_airflow' retrieved from /opt/airflow/dags/hello_airflow.py
[2026-03-06T18:09:54.692+0000] {logging_mixin.py:188} INFO - [2026-03-06T18:09:54.692+0000] {dag.py:3089} INFO - Sync 1 DAGs
[2026-03-06T18:09:54.700+0000] {logging_mixin.py:188} INFO - [2026-03-06T18:09:54.700+0000] {dag.py:3947} INFO - Setting next_dagrun for hello_airflow to None, run_after=None
[2026-03-06T18:09:54.708+0000] {processor.py:183} INFO - Processing /opt/airflow/dags/hello_airflow.py took 0.056 seconds
[2026-03-06T18:43:18.007+0000] {processor.py:161} INFO - Started process (PID=588) to work on /opt/airflow/dags/hello_airflow.py
[2026-03-06T18:43:18.008+0000] {processor.py:830} INFO - Processing file /opt/airflow/dags/hello_airflow.py for tasks to queue
[2026-03-06T18:43:18.011+0000] {logging_mixin.py:188} INFO - [2026-03-06T18:43:18.011+0000] {dagbag.py:545} INFO - Filling up the DagBag from /opt/airflow/dags/hello_airflow.py
[2026-03-06T18:43:18.027+0000] {processor.py:840} INFO - DAG(s) 'hello_airflow' retrieved from /opt/airflow/dags/hello_airflow.py
[2026-03-06T18:43:18.059+0000] {logging_mixin.py:188} INFO - [2026-03-06T18:43:18.059+0000] {dag.py:3089} INFO - Sync 1 DAGs
[2026-03-06T18:43:18.069+0000] {logging_mixin.py:188} INFO - [2026-03-06T18:43:18.069+0000] {dag.py:3947} INFO - Setting next_dagrun for hello_airflow to None, run_after=None
[2026-03-06T18:43:18.078+0000] {processor.py:183} INFO - Processing /opt/airflow/dags/hello_airflow.py took 0.079 seconds
[2026-03-06T19:43:17.025+0000] {processor.py:161} INFO - Started process (PID=593) to work on /opt/airflow/dags/hello_airflow.py
[2026-03-06T19:43:17.026+0000] {processor.py:830} INFO - Processing file /opt/airflow/dags/hello_airflow.py for tasks to queue
[2026-03-06T19:43:17.028+0000] {logging_mixin.py:188} INFO - [2026-03-06T19:43:17.027+0000] {dagbag.py:545} INFO - Filling up the DagBag from /opt/airflow/dags/hello_airflow.py
[2026-03-06T19:43:17.036+0000] {processor.py:840} INFO - DAG(s) 'hello_airflow' retrieved from /opt/airflow/dags/hello_airflow.py
[2026-03-06T19:43:17.056+0000] {logging_mixin.py:188} INFO - [2026-03-06T19:43:17.056+0000] {dag.py:3089} INFO - Sync 1 DAGs
[2026-03-06T19:43:17.063+0000] {logging_mixin.py:188} INFO - [2026-03-06T19:43:17.062+0000] {dag.py:3947} INFO - Setting next_dagrun for hello_airflow to None, run_after=None
[2026-03-06T19:43:17.071+0000] {processor.py:183} INFO - Processing /opt/airflow/dags/hello_airflow.py took 0.052 seconds
[2026-03-06T19:59:33.138+0000] {processor.py:161} INFO - Started process (PID=598) to work on /opt/airflow/dags/hello_airflow.py
[2026-03-06T19:59:33.140+0000] {processor.py:830} INFO - Processing file /opt/airflow/dags/hello_airflow.py for tasks to queue
[2026-03-06T19:59:33.143+0000] {logging_mixin.py:188} INFO - [2026-03-06T19:59:33.142+0000] {dagbag.py:545} INFO - Filling up the DagBag from /opt/airflow/dags/hello_airflow.py
[2026-03-06T19:59:33.156+0000] {processor.py:840} INFO - DAG(s) 'hello_airflow' retrieved from /opt/airflow/dags/hello_airflow.py
[2026-03-06T19:59:33.185+0000] {logging_mixin.py:188} INFO - [2026-03-06T19:59:33.184+0000] {dag.py:3089} INFO - Sync 1 DAGs
[2026-03-06T19:59:33.193+0000] {logging_mixin.py:188} INFO - [2026-03-06T19:59:33.193+0000] {dag.py:3947} INFO - Setting next_dagrun for hello_airflow to None, run_after=None
[2026-03-06T19:59:33.202+0000] {processor.py:183} INFO - Processing /opt/airflow/dags/hello_airflow.py took 0.073 seconds
[2026-03-06T21:00:35.587+0000] {processor.py:161} INFO - Started process (PID=603) to work on /opt/airflow/dags/hello_airflow.py
[2026-03-06T21:00:35.588+0000] {processor.py:830} INFO - Processing file /opt/airflow/dags/hello_airflow.py for tasks to queue
[2026-03-06T21:00:35.591+0000] {logging_mixin.py:188} INFO - [2026-03-06T21:00:35.590+0000] {dagbag.py:545} INFO - Filling up the DagBag from /opt/airflow/dags/hello_airflow.py
[2026-03-06T21:00:35.601+0000] {processor.py:840} INFO - DAG(s) 'hello_airflow' retrieved from /opt/airflow/dags/hello_airflow.py
[2026-03-06T21:00:35.641+0000] {logging_mixin.py:188} INFO - [2026-03-06T21:00:35.640+0000] {dag.py:3089} INFO - Sync 1 DAGs
[2026-03-06T21:00:35.652+0000] {logging_mixin.py:188} INFO - [2026-03-06T21:00:35.652+0000] {dag.py:3947} INFO - Setting next_dagrun for hello_airflow to None, run_after=None
[2026-03-06T21:00:35.663+0000] {processor.py:183} INFO - Processing /opt/airflow/dags/hello_airflow.py took 0.083 seconds
[2026-03-06T21:01:05.963+0000] {processor.py:161} INFO - Started process (PID=608) to work on /opt/airflow/dags/hello_airflow.py
[2026-03-06T21:01:05.965+0000] {processor.py:830} INFO - Processing file /opt/airflow/dags/hello_airflow.py for tasks to queue
[2026-03-06T21:01:05.967+0000] {logging_mixin.py:188} INFO - [2026-03-06T21:01:05.966+0000] {dagbag.py:545} INFO - Filling up the DagBag from /opt/airflow/dags/hello_airflow.py
[2026-03-06T21:01:05.976+0000] {processor.py:840} INFO - DAG(s) 'hello_airflow' retrieved from /opt/airflow/dags/hello_airflow.py
[2026-03-06T21:01:06.003+0000] {logging_mixin.py:188} INFO - [2026-03-06T21:01:06.002+0000] {dag.py:3089} INFO - Sync 1 DAGs
[2026-03-06T21:01:06.010+0000] {logging_mixin.py:188} INFO - [2026-03-06T21:01:06.010+0000] {dag.py:3947} INFO - Setting next_dagrun for hello_airflow to None, run_after=None
[2026-03-06T21:01:06.019+0000] {processor.py:183} INFO - Processing /opt/airflow/dags/hello_airflow.py took 0.065 seconds
[2026-03-06T21:01:36.376+0000] {processor.py:161} INFO - Started process (PID=613) to work on /opt/airflow/dags/hello_airflow.py
[2026-03-06T21:01:36.377+0000] {processor.py:830} INFO - Processing file /opt/airflow/dags/hello_airflow.py for tasks to queue
[2026-03-06T21:01:36.379+0000] {logging_mixin.py:188} INFO - [2026-03-06T21:01:36.379+0000] {dagbag.py:545} INFO - Filling up the DagBag from /opt/airflow/dags/hello_airflow.py
[2026-03-06T21:01:36.388+0000] {processor.py:840} INFO - DAG(s) 'hello_airflow' retrieved from /opt/airflow/dags/hello_airflow.py
[2026-03-06T21:01:36.414+0000] {logging_mixin.py:188} INFO - [2026-03-06T21:01:36.414+0000] {dag.py:3089} INFO - Sync 1 DAGs
[2026-03-06T21:01:36.423+0000] {logging_mixin.py:188} INFO - [2026-03-06T21:01:36.423+0000] {dag.py:3947} INFO - Setting next_dagrun for hello_airflow to None, run_after=None
[2026-03-06T21:01:36.433+0000] {processor.py:183} INFO - Processing /opt/airflow/dags/hello_airflow.py took 0.064 seconds
[2026-03-06T21:12:52.536+0000] {processor.py:161} INFO - Started process (PID=618) to work on /opt/airflow/dags/hello_airflow.py
[2026-03-06T21:12:52.537+0000] {processor.py:830} INFO - Processing file /opt/airflow/dags/hello_airflow.py for tasks to queue
[2026-03-06T21:12:52.540+0000] {logging_mixin.py:188} INFO - [2026-03-06T21:12:52.539+0000] {dagbag.py:545} INFO - Filling up the DagBag from /opt/airflow/dags/hello_airflow.py
[2026-03-06T21:12:52.552+0000] {processor.py:840} INFO - DAG(s) 'hello_airflow' retrieved from /opt/airflow/dags/hello_airflow.py
[2026-03-06T21:12:52.578+0000] {logging_mixin.py:188} INFO - [2026-03-06T21:12:52.578+0000] {dag.py:3089} INFO - Sync 1 DAGs
[2026-03-06T21:12:52.586+0000] {logging_mixin.py:188} INFO - [2026-03-06T21:12:52.586+0000] {dag.py:3947} INFO - Setting next_dagrun for hello_airflow to None, run_after=None
[2026-03-06T21:12:52.595+0000] {processor.py:183} INFO - Processing /opt/airflow/dags/hello_airflow.py took 0.068 seconds
[2026-03-06T22:09:33.408+0000] {processor.py:161} INFO - Started process (PID=623) to work on /opt/airflow/dags/hello_airflow.py
[2026-03-06T22:09:33.409+0000] {processor.py:830} INFO - Processing file /opt/airflow/dags/hello_airflow.py for tasks to queue
[2026-03-06T22:09:33.412+0000] {logging_mixin.py:188} INFO - [2026-03-06T22:09:33.412+0000] {dagbag.py:545} INFO - Filling up the DagBag from /opt/airflow/dags/hello_airflow.py
[2026-03-06T22:09:33.425+0000] {processor.py:840} INFO - DAG(s) 'hello_airflow' retrieved from /opt/airflow/dags/hello_airflow.py
[2026-03-06T22:09:33.450+0000] {logging_mixin.py:188} INFO - [2026-03-06T22:09:33.450+0000] {dag.py:3089} INFO - Sync 1 DAGs
[2026-03-06T22:09:33.458+0000] {logging_mixin.py:188} INFO - [2026-03-06T22:09:33.458+0000] {dag.py:3947} INFO - Setting next_dagrun for hello_airflow to None, run_after=None
[2026-03-06T22:09:33.467+0000] {processor.py:183} INFO - Processing /opt/airflow/dags/hello_airflow.py took 0.066 seconds
[2026-03-06T22:10:03.841+0000] {processor.py:161} INFO - Started process (PID=628) to work on /opt/airflow/dags/hello_airflow.py
[2026-03-06T22:10:03.842+0000] {processor.py:830} INFO - Processing file /opt/airflow/dags/hello_airflow.py for tasks to queue
[2026-03-06T22:10:03.844+0000] {logging_mixin.py:188} INFO - [2026-03-06T22:10:03.844+0000] {dagbag.py:545} INFO - Filling up the DagBag from /opt/airflow/dags/hello_airflow.py
[2026-03-06T22:10:03.855+0000] {processor.py:840} INFO - DAG(s) 'hello_airflow' retrieved from /opt/airflow/dags/hello_airflow.py
[2026-03-06T22:10:03.882+0000] {logging_mixin.py:188} INFO - [2026-03-06T22:10:03.882+0000] {dag.py:3089} INFO - Sync 1 DAGs
[2026-03-06T22:10:03.891+0000] {logging_mixin.py:188} INFO - [2026-03-06T22:10:03.891+0000] {dag.py:3947} INFO - Setting next_dagrun for hello_airflow to None, run_after=None
[2026-03-06T22:10:03.899+0000] {processor.py:183} INFO - Processing /opt/airflow/dags/hello_airflow.py took 0.068 seconds
[2026-03-06T22:10:34.193+0000] {processor.py:161} INFO - Started process (PID=633) to work on /opt/airflow/dags/hello_airflow.py
[2026-03-06T22:10:34.194+0000] {processor.py:830} INFO - Processing file /opt/airflow/dags/hello_airflow.py for tasks to queue
[2026-03-06T22:10:34.197+0000] {logging_mixin.py:188} INFO - [2026-03-06T22:10:34.197+0000] {dagbag.py:545} INFO - Filling up the DagBag from /opt/airflow/dags/hello_airflow.py
[2026-03-06T22:10:34.211+0000] {processor.py:840} INFO - DAG(s) 'hello_airflow' retrieved from /opt/airflow/dags/hello_airflow.py
[2026-03-06T22:10:34.241+0000] {logging_mixin.py:188} INFO - [2026-03-06T22:10:34.241+0000] {dag.py:3089} INFO - Sync 1 DAGs
[2026-03-06T22:10:34.249+0000] {logging_mixin.py:188} INFO - [2026-03-06T22:10:34.249+0000] {dag.py:3947} INFO - Setting next_dagrun for hello_airflow to None, run_after=None
[2026-03-06T22:10:34.257+0000] {processor.py:183} INFO - Processing /opt/airflow/dags/hello_airflow.py took 0.074 seconds
[2026-03-06T22:13:47.578+0000] {processor.py:161} INFO - Started process (PID=638) to work on /opt/airflow/dags/hello_airflow.py
[2026-03-06T22:13:47.580+0000] {processor.py:830} INFO - Processing file /opt/airflow/dags/hello_airflow.py for tasks to queue
[2026-03-06T22:13:47.582+0000] {logging_mixin.py:188} INFO - [2026-03-06T22:13:47.581+0000] {dagbag.py:545} INFO - Filling up the DagBag from /opt/airflow/dags/hello_airflow.py
[2026-03-06T22:13:47.589+0000] {processor.py:840} INFO - DAG(s) 'hello_airflow' retrieved from /opt/airflow/dags/hello_airflow.py
[2026-03-06T22:13:47.610+0000] {logging_mixin.py:188} INFO - [2026-03-06T22:13:47.610+0000] {dag.py:3089} INFO - Sync 1 DAGs
[2026-03-06T22:13:47.617+0000] {logging_mixin.py:188} INFO - [2026-03-06T22:13:47.617+0000] {dag.py:3947} INFO - Setting next_dagrun for hello_airflow to None, run_after=None
[2026-03-06T22:13:47.626+0000] {processor.py:183} INFO - Processing /opt/airflow/dags/hello_airflow.py took 0.053 seconds
[2026-03-06T22:33:02.387+0000] {processor.py:161} INFO - Started process (PID=643) to work on /opt/airflow/dags/hello_airflow.py
[2026-03-06T22:33:02.388+0000] {processor.py:830} INFO - Processing file /opt/airflow/dags/hello_airflow.py for tasks to queue
[2026-03-06T22:33:02.391+0000] {logging_mixin.py:188} INFO - [2026-03-06T22:33:02.391+0000] {dagbag.py:545} INFO - Filling up the DagBag from /opt/airflow/dags/hello_airflow.py
[2026-03-06T22:33:02.404+0000] {processor.py:840} INFO - DAG(s) 'hello_airflow' retrieved from /opt/airflow/dags/hello_airflow.py
[2026-03-06T22:33:02.444+0000] {logging_mixin.py:188} INFO - [2026-03-06T22:33:02.444+0000] {dag.py:3089} INFO - Sync 1 DAGs
[2026-03-06T22:33:02.455+0000] {logging_mixin.py:188} INFO - [2026-03-06T22:33:02.454+0000] {dag.py:3947} INFO - Setting next_dagrun for hello_airflow to None, run_after=None
[2026-03-06T22:33:02.465+0000] {processor.py:183} INFO - Processing /opt/airflow/dags/hello_airflow.py took 0.087 seconds
[2026-03-06T23:15:04.596+0000] {processor.py:161} INFO - Started process (PID=648) to work on /opt/airflow/dags/hello_airflow.py
[2026-03-06T23:15:04.598+0000] {processor.py:830} INFO - Processing file /opt/airflow/dags/hello_airflow.py for tasks to queue
[2026-03-06T23:15:04.600+0000] {logging_mixin.py:188} INFO - [2026-03-06T23:15:04.600+0000] {dagbag.py:545} INFO - Filling up the DagBag from /opt/airflow/dags/hello_airflow.py
[2026-03-06T23:15:04.612+0000] {processor.py:840} INFO - DAG(s) 'hello_airflow' retrieved from /opt/airflow/dags/hello_airflow.py
[2026-03-06T23:15:04.650+0000] {logging_mixin.py:188} INFO - [2026-03-06T23:15:04.650+0000] {dag.py:3089} INFO - Sync 1 DAGs
[2026-03-06T23:15:04.661+0000] {logging_mixin.py:188} INFO - [2026-03-06T23:15:04.661+0000] {dag.py:3947} INFO - Setting next_dagrun for hello_airflow to None, run_after=None
[2026-03-06T23:15:04.671+0000] {processor.py:183} INFO - Processing /opt/airflow/dags/hello_airflow.py took 0.082 seconds
[2026-03-06T23:15:35.013+0000] {processor.py:161} INFO - Started process (PID=653) to work on /opt/airflow/dags/hello_airflow.py
[2026-03-06T23:15:35.014+0000] {processor.py:830} INFO - Processing file /opt/airflow/dags/hello_airflow.py for tasks to queue
[2026-03-06T23:15:35.015+0000] {logging_mixin.py:188} INFO - [2026-03-06T23:15:35.015+0000] {dagbag.py:545} INFO - Filling up the DagBag from /opt/airflow/dags/hello_airflow.py
[2026-03-06T23:15:35.024+0000] {processor.py:840} INFO - DAG(s) 'hello_airflow' retrieved from /opt/airflow/dags/hello_airflow.py
[2026-03-06T23:15:35.050+0000] {logging_mixin.py:188} INFO - [2026-03-06T23:15:35.050+0000] {dag.py:3089} INFO - Sync 1 DAGs
[2026-03-06T23:15:35.058+0000] {logging_mixin.py:188} INFO - [2026-03-06T23:15:35.058+0000] {dag.py:3947} INFO - Setting next_dagrun for hello_airflow to None, run_after=None
[2026-03-06T23:15:35.067+0000] {processor.py:183} INFO - Processing /opt/airflow/dags/hello_airflow.py took 0.064 seconds
[2026-03-06T23:16:05.352+0000] {processor.py:161} INFO - Started process (PID=658) to work on /opt/airflow/dags/hello_airflow.py
[2026-03-06T23:16:05.353+0000] {processor.py:830} INFO - Processing file /opt/airflow/dags/hello_airflow.py for tasks to queue
[2026-03-06T23:16:05.355+0000] {logging_mixin.py:188} INFO - [2026-03-06T23:16:05.355+0000] {dagbag.py:545} INFO - Filling up the DagBag from /opt/airflow/dags/hello_airflow.py
[2026-03-06T23:16:05.363+0000] {processor.py:840} INFO - DAG(s) 'hello_airflow' retrieved from /opt/airflow/dags/hello_airflow.py
[2026-03-06T23:16:05.389+0000] {logging_mixin.py:188} INFO - [2026-03-06T23:16:05.389+0000] {dag.py:3089} INFO - Sync 1 DAGs
[2026-03-06T23:16:05.397+0000] {logging_mixin.py:188} INFO - [2026-03-06T23:16:05.396+0000] {dag.py:3947} INFO - Setting next_dagrun for hello_airflow to None, run_after=None
[2026-03-06T23:16:05.406+0000] {processor.py:183} INFO - Processing /opt/airflow/dags/hello_airflow.py took 0.062 seconds
